Component: Arm Compiler for Embedded 6.19 Tool: armlink [5e73cb00]

==============================================================================

Section Cross References

    startup_stm32f407xx.o(STACK) refers (Special) to heapauxi.o(.text) for __use_two_region_memory
    startup_stm32f407xx.o(HEAP) refers (Special) to heapauxi.o(.text) for __use_two_region_memory
    startup_stm32f407xx.o(RESET) refers (Special) to heapauxi.o(.text) for __use_two_region_memory
    startup_stm32f407xx.o(RESET) refers to startup_stm32f407xx.o(STACK) for __initial_sp
    startup_stm32f407xx.o(RESET) refers to startup_stm32f407xx.o(.text) for Reset_Handler
    startup_stm32f407xx.o(RESET) refers to stm32f4xx_it.o(.text.NMI_Handler) for NMI_Handler
    startup_stm32f407xx.o(RESET) refers to stm32f4xx_it.o(.text.HardFault_Handler) for HardFault_Handler
    startup_stm32f407xx.o(RESET) refers to stm32f4xx_it.o(.text.MemManage_Handler) for MemManage_Handler
    startup_stm32f407xx.o(RESET) refers to stm32f4xx_it.o(.text.BusFault_Handler) for BusFault_Handler
    startup_stm32f407xx.o(RESET) refers to stm32f4xx_it.o(.text.UsageFault_Handler) for UsageFault_Handler
    startup_stm32f407xx.o(RESET) refers to stm32f4xx_it.o(.text.SVC_Handler) for SVC_Handler
    startup_stm32f407xx.o(RESET) refers to stm32f4xx_it.o(.text.DebugMon_Handler) for DebugMon_Handler
    startup_stm32f407xx.o(RESET) refers to stm32f4xx_it.o(.text.PendSV_Handler) for PendSV_Handler
    startup_stm32f407xx.o(RESET) refers to stm32f4xx_it.o(.text.SysTick_Handler) for SysTick_Handler
    startup_stm32f407xx.o(RESET) refers to stm32f4xx_it.o(.text.TIM6_DAC_IRQHandler) for TIM6_DAC_IRQHandler
    startup_stm32f407xx.o(.text) refers (Special) to heapauxi.o(.text) for __use_two_region_memory
    startup_stm32f407xx.o(.text) refers to system_stm32f4xx.o(.text.SystemInit) for SystemInit
    startup_stm32f407xx.o(.text) refers to __main.o(!!!main) for __main
    startup_stm32f407xx.o(.text) refers to startup_stm32f407xx.o(HEAP) for Heap_Mem
    startup_stm32f407xx.o(.text) refers to startup_stm32f407xx.o(STACK) for Stack_Mem
    callback.o(.text.HAL_TIM_PeriodElapsedCallback) refers to tim.o(.bss.htim6) for htim6
    callback.o(.text.HAL_TIM_PeriodElapsedCallback) refers to imu.o(.bss.imu) for imu
    callback.o(.text.HAL_TIM_PeriodElapsedCallback) refers to imu.o(.text._ZN3IMU15accel_calculateEv) for IMU::accel_calculate()
    callback.o(.text.HAL_TIM_PeriodElapsedCallback) refers to imu.o(.text._ZN3IMU14gyro_calculateEv) for IMU::gyro_calculate()
    callback.o(.ARM.exidx.text.HAL_TIM_PeriodElapsedCallback) refers to callback.o(.text.HAL_TIM_PeriodElapsedCallback) for [Anonymous Symbol]
    bmi088.o(.text.bmi088_write_byte) refers to spi.o(.bss.hspi1) for hspi1
    bmi088.o(.text.bmi088_write_byte) refers to stm32f4xx_hal_spi.o(.text.HAL_SPI_Transmit) for HAL_SPI_Transmit
    bmi088.o(.ARM.exidx.text.bmi088_write_byte) refers to bmi088.o(.text.bmi088_write_byte) for [Anonymous Symbol]
    bmi088.o(.text.bmi088_read_byte) refers to spi.o(.bss.hspi1) for hspi1
    bmi088.o(.text.bmi088_read_byte) refers to stm32f4xx_hal_spi.o(.text.HAL_SPI_Receive) for HAL_SPI_Receive
    bmi088.o(.text.bmi088_read_byte) refers to stm32f4xx_hal_spi.o(.text.HAL_SPI_GetState) for HAL_SPI_GetState
    bmi088.o(.ARM.exidx.text.bmi088_read_byte) refers to bmi088.o(.text.bmi088_read_byte) for [Anonymous Symbol]
    bmi088.o(.text.bmi088_write_reg) refers to bmi088.o(.text.bmi088_write_byte) for bmi088_write_byte
    bmi088.o(.ARM.exidx.text.bmi088_write_reg) refers to bmi088.o(.text.bmi088_write_reg) for [Anonymous Symbol]
    bmi088.o(.text.BMI088_ACCEL_NS_L) refers to stm32f4xx_hal_gpio.o(.text.HAL_GPIO_WritePin) for HAL_GPIO_WritePin
    bmi088.o(.ARM.exidx.text.BMI088_ACCEL_NS_L) refers to bmi088.o(.text.BMI088_ACCEL_NS_L) for [Anonymous Symbol]
    bmi088.o(.text.BMI088_ACCEL_NS_H) refers to stm32f4xx_hal_gpio.o(.text.HAL_GPIO_WritePin) for HAL_GPIO_WritePin
    bmi088.o(.ARM.exidx.text.BMI088_ACCEL_NS_H) refers to bmi088.o(.text.BMI088_ACCEL_NS_H) for [Anonymous Symbol]
    bmi088.o(.text.BMI088_GYRO_NS_L) refers to stm32f4xx_hal_gpio.o(.text.HAL_GPIO_WritePin) for HAL_GPIO_WritePin
    bmi088.o(.ARM.exidx.text.BMI088_GYRO_NS_L) refers to bmi088.o(.text.BMI088_GYRO_NS_L) for [Anonymous Symbol]
    bmi088.o(.text.BMI088_GYRO_NS_H) refers to stm32f4xx_hal_gpio.o(.text.HAL_GPIO_WritePin) for HAL_GPIO_WritePin
    bmi088.o(.ARM.exidx.text.BMI088_GYRO_NS_H) refers to bmi088.o(.text.BMI088_GYRO_NS_H) for [Anonymous Symbol]
    bmi088.o(.text.bmi088_accel_write_single_reg) refers to bmi088.o(.text.BMI088_GYRO_NS_H) for BMI088_GYRO_NS_H
    bmi088.o(.text.bmi088_accel_write_single_reg) refers to bmi088.o(.text.BMI088_ACCEL_NS_L) for BMI088_ACCEL_NS_L
    bmi088.o(.text.bmi088_accel_write_single_reg) refers to bmi088.o(.text.bmi088_write_byte) for bmi088_write_byte
    bmi088.o(.text.bmi088_accel_write_single_reg) refers to bmi088.o(.text.BMI088_ACCEL_NS_H) for BMI088_ACCEL_NS_H
[...]
    .ARM.Collect$$rtentry$$0000000C          0x08000224   Section        0  __rtentry2.o(.ARM.Collect$$rtentry$$0000000C)
    .ARM.Collect$$rtentry$$0000000D          0x08000224   Section        8  __rtentry2.o(.ARM.Collect$$rtentry$$0000000D)
    .ARM.Collect$$rtexit$$00000000           0x0800022c   Section        2  rtexit.o(.ARM.Collect$$rtexit$$00000000)
    .ARM.Collect$$rtexit$$00000002           0x0800022e   Section        0  rtexit2.o(.ARM.Collect$$rtexit$$00000002)
    .ARM.Collect$$rtexit$$00000003           0x0800022e   Section        4  rtexit2.o(.ARM.Collect$$rtexit$$00000003)
    .ARM.Collect$$rtexit$$00000004           0x08000232   Section        6  rtexit2.o(.ARM.Collect$$rtexit$$00000004)
    $v0                                      0x08000238   Number         0  startup_stm32f407xx.o(.text)
    .text                                    0x08000238   Section       64  startup_stm32f407xx.o(.text)
    .text                                    0x08000278   Section      240  lludivv7m.o(.text)
    .text                                    0x08000368   Section        0  cxa_atexit.o(.text)
    .text                                    0x08000372   Section       78  rt_memclr_w.o(.text)
    .text                                    0x080003c0   Section        0  heapauxi.o(.text)
    .text                                    0x080003c8   Section        0  init_aeabi.o(.text)
    .text                                    0x080003ec   Section        0  _rserrno.o(.text)
    .text                                    0x08000402   Section        0  aeabi_atexit.o(.text)
    .text                                    0x08000430   Section        8  rt_ddtor_pointer_addr_intlibspace.o(.text)
    .text                                    0x08000438   Section        8  rt_errno_addr_intlibspace.o(.text)
    .text                                    0x08000440   Section        0  h1_alloc.o(.text)
    .text                                    0x0800049e   Section        0  cxa_finalize.o(.text)
    .text                                    0x080004e0   Section        8  libspace.o(.text)
    .text                                    0x080004e8   Section       74  sys_stackheap_outer.o(.text)
    .text                                    0x08000534   Section        8  rt_heap_descriptor_intlibspace.o(.text)
    .text                                    0x0800053c   Section        0  hguard.o(.text)
    .text                                    0x08000540   Section        0  init_alloc.o(.text)
    .text                                    0x080005ca   Section        0  h1_init.o(.text)
    .text                                    0x080005d8   Section        0  h1_free.o(.text)
    .text                                    0x08000626   Section        0  exit.o(.text)
    .text                                    0x08000638   Section        0  maybetermalloc1.o(.text)
    .text                                    0x08000638   Section        0  h1_extend.o(.text)
    .text                                    0x0800066c   Section        0  defsig_exit.o(.text)
    .text                                    0x08000676   Section        0  defsig_rtmem_outer.o(.text)
    .text                                    0x08000684   Section        0  sys_exit.o(.text)
    .text                                    0x08000690   Section        2  use_no_semi.o(.text)
    .text                                    0x08000692   Section        0  indicate_semi.o(.text)
    .text                                    0x08000692   Section        0  defsig_general.o(.text)
    .text                                    0x080006c4   Section        0  defsig_rtmem_inner.o(.text)
    .text                                    0x08000714   Section        0  sys_wrch.o(.text)
    [Anonymous Symbol]                       0x08000724   Section        0  bmi088.o(.text.BMI088_ACCEL_NS_H)
    [Anonymous Symbol]                       0x08000738   Section        0  bmi088.o(.text.BMI088_ACCEL_NS_L)
    [Anonymous Symbol]                       0x0800074c   Section        0  bmi088.o(.text.BMI088_GYRO_NS_H)
    [Anonymous Symbol]                       0x08000760   Section        0  bmi088.o(.text.BMI088_GYRO_NS_L)
    [Anonymous Symbol]                       0x08000774   Section        0  stm32f4xx_it.o(.text.BusFault_Handler)
    [Anonymous Symbol]                       0x08000778   Section        0  stm32f4xx_it.o(.text.DebugMon_Handler)
    [Anonymous Symbol]                       0x0800077c   Section        0  main.o(.text.Error_Handler)
    [Anonymous Symbol]                       0x08000784   Section        0  stm32f4xx_hal.o(.text.HAL_Delay)
    [Anonymous Symbol]                       0x080007c8   Section        0  stm32f4xx_hal_gpio.o(.text.HAL_GPIO_Init)
    [Anonymous Symbol]                       0x08000b80   Section        0  stm32f4xx_hal_gpio.o(.text.HAL_GPIO_WritePin)
    [Anonymous Symbol]                       0x08000bb0   Section        0  stm32f4xx_hal.o(.text.HAL_GetTick)
    [Anonymous Symbol]                       0x08000bbc   Section        0  stm32f4xx_hal.o(.text.HAL_IncTick)
    [Anonymous Symbol]                       0x08000bd8   Section        0  stm32f4xx_hal.o(.text.HAL_Init)
    [Anonymous Symbol]                       0x08000c10   Section        0  stm32f4xx_hal.o(.text.HAL_InitTick)
    [Anonymous Symbol]                       0x08000c80   Section        0  stm32f4xx_hal_msp.o(.text.HAL_MspInit)
    [Anonymous Symbol]                       0x08000ccc   Section        0  stm32f4xx_hal_cortex.o(.text.HAL_NVIC_EnableIRQ)
    [Anonymous Symbol]                       0x08000ce0   Section        0  stm32f4xx_hal_cortex.o(.text.HAL_NVIC_SetPriority)
    [Anonymous Symbol]                       0x08000d14   Section        0  stm32f4xx_hal_cortex.o(.text.HAL_NVIC_SetPriorityGrouping)
    [Anonymous Symbol]                       0x08000d24   Section        0  stm32f4xx_hal_rcc.o(.text.HAL_RCC_ClockConfig)
    [Anonymous Symbol]                       0x08000f88   Section        0  stm32f4xx_hal_rcc.o(.text.HAL_RCC_GetSysClockFreq)
    [Anonymous Symbol]                       0x08001070   Section        0  stm32f4xx_hal_rcc.o(.text.HAL_RCC_OscConfig)
    [Anonymous Symbol]                       0x08001730   Section        0  stm32f4xx_hal_spi.o(.text.HAL_SPI_GetState)
    [Anonymous Symbol]                       0x08001740   Section        0  stm32f4xx_hal_spi.o(.text.HAL_SPI_Init)
    [Anonymous Symbol]                       0x08001840   Section        0  spi.o(.text.HAL_SPI_MspInit)
    [Anonymous Symbol]                       0x08001924   Section        0  stm32f4xx_hal_spi.o(.text.HAL_SPI_Receive)
    [Anonymous Symbol]                       0x08001b74   Section        0  stm32f4xx_hal_spi.o(.text.HAL_SPI_Transmit)
    [Anonymous Symbol]                       0x08001e18   Section        0  stm32f4xx_hal_spi.o(.text.HAL_SPI_TransmitReceive)
    [Anonymous Symbol]                       0x080021bc   Section        0  stm32f4xx_hal_cortex.o(.text.HAL_SYSTICK_Config)
    [Anonymous Symbol]                       0x080021cc   Section        0  stm32f4xx_hal_tim_ex.o(.text.HAL_TIMEx_BreakCallback)
    [Anonymous Symbol]                       0x080021d4   Section        0  stm32f4xx_hal_tim_ex.o(.text.HAL_TIMEx_CommutCallback)
    [Anonymous Symbol]                       0x080021dc   Section        0  stm32f4xx_hal_tim_ex.o(.text.HAL_TIMEx_MasterConfigSynchronization)
    [Anonymous Symbol]                       0x08002300   Section        0  stm32f4xx_hal_tim.o(.text.HAL_TIM_Base_Init)
    [Anonymous Symbol]                       0x0800239c   Section        0  tim.o(.text.HAL_TIM_Base_MspInit)
    [Anonymous Symbol]                       0x080023f0   Section        0  stm32f4xx_hal_tim.o(.text.HAL_TIM_Base_Start_IT)
    [Anonymous Symbol]                       0x080024e8   Section        0  stm32f4xx_hal_tim.o(.text.HAL_TIM_IC_CaptureCallback)
    [Anonymous Symbol]                       0x080024f0   Section        0  stm32f4xx_hal_tim.o(.text.HAL_TIM_IRQHandler)
    [Anonymous Symbol]                       0x0800270c   Section        0  stm32f4xx_hal_tim.o(.text.HAL_TIM_OC_DelayElapsedCallback)
    [Anonymous Symbol]                       0x08002714   Section        0  stm32f4xx_hal_tim.o(.text.HAL_TIM_PWM_PulseFinishedCallback)
    [Anonymous Symbol]                       0x0800271c   Section        0  callback.o(.text.HAL_TIM_PeriodElapsedCallback)
    [Anonymous Symbol]                       0x0800274c   Section        0  stm32f4xx_hal_tim.o(.text.HAL_TIM_TriggerCallback)
    [Anonymous Symbol]                       0x08002754   Section        0  stm32f4xx_it.o(.text.HardFault_Handler)
    [Anonymous Symbol]                       0x08002758   Section        0  gpio.o(.text.MX_GPIO_Init)
    [Anonymous Symbol]                       0x08002828   Section        0  spi.o(.text.MX_SPI1_Init)
    [Anonymous Symbol]                       0x0800287c   Section        0  tim.o(.text.MX_TIM6_Init)
    [Anonymous Symbol]                       0x080028d8   Section        0  stm32f4xx_it.o(.text.MemManage_Handler)
    [Anonymous Symbol]                       0x080028dc   Section        0  stm32f4xx_it.o(.text.NMI_Handler)
    NVIC_EncodePriority                      0x080028e1   Thumb Code   108  stm32f4xx_hal_cortex.o(.text.NVIC_EncodePriority)
    [Anonymous Symbol]                       0x080028e0   Section        0  stm32f4xx_hal_cortex.o(.text.NVIC_EncodePriority)
    [Anonymous Symbol]                       0x0800294c   Section        0  stm32f4xx_it.o(.text.PendSV_Handler)
    SPI_EndRxTransaction                     0x08002951   Thumb Code   228  stm32f4xx_hal_spi.o(.text.SPI_EndRxTransaction)
    [Anonymous Symbol]                       0x08002950   Section        0  stm32f4xx_hal_spi.o(.text.SPI_EndRxTransaction)
    SPI_EndRxTxTransaction                   0x08002a35   Thumb Code   204  stm32f4xx_hal_spi.o(.text.SPI_EndRxTxTransaction)
    [Anonymous Symbol]                       0x08002a34   Section        0  stm32f4xx_hal_spi.o(.text.SPI_EndRxTxTransaction)
    SPI_WaitFlagStateUntilTimeout            0x08002b01   Thumb Code   300  stm32f4xx_hal_spi.o(.text.SPI_WaitFlagStateUntilTimeout)
    [Anonymous Symbol]                       0x08002b00   Section        0  stm32f4xx_hal_spi.o(.text.SPI_WaitFlagStateUntilTimeout)
    [Anonymous Symbol]                       0x08002c2c   Section        0  stm32f4xx_it.o(.text.SVC_Handler)
    SysTick_Config                           0x08002c31   Thumb Code    82  stm32f4xx_hal_cortex.o(.text.SysTick_Config)
    [Anonymous Symbol]                       0x08002c30   Section        0  stm32f4xx_hal_cortex.o(.text.SysTick_Config)
    [Anonymous Symbol]                       0x08002c84   Section        0  stm32f4xx_it.o(.text.SysTick_Handler)
    [Anonymous Symbol]                       0x08002c8c   Section        0  main.o(.text.SystemClock_Config)
    [Anonymous Symbol]                       0x08002d48   Section        0  system_stm32f4xx.o(.text.SystemInit)
    [Anonymous Symbol]                       0x08002d5c   Section        0  stm32f4xx_it.o(.text.TIM6_DAC_IRQHandler)
    [Anonymous Symbol]                       0x08002d6c   Section        0  stm32f4xx_hal_tim.o(.text.TIM_Base_SetConfig)
    [Anonymous Symbol]                       0x08002f10   Section        0  stm32f4xx_it.o(.text.UsageFault_Handler)
    _GLOBAL__sub_I_imu.cpp                   0x08002f15   Thumb Code     8  imu.o(.text._GLOBAL__sub_I_imu.cpp)
    [Anonymous Symbol]                       0x08002f14   Section        0  imu.o(.text._GLOBAL__sub_I_imu.cpp)
    [Anonymous Symbol]                       0x08002f1c   Section        0  imu.o(.text._Z3powB6v16000IiiENSt3__29enable_ifIXaasr3std13is_arithmeticIT_EE5valuesr3std13is_arithmeticIT0_EE5valueENS0_9__promoteIS2_S3_vEEE4type4typeES2_S3_)
    [Anonymous Symbol]                       0x08002f48   Section        0  imu.o(.text._ZN3IMU14gyro_calculateEv)
    [Anonymous Symbol]                       0x08003004   Section        0  imu.o(.text._ZN3IMU15accel_calculateEv)
    [Anonymous Symbol]                       0x08003094   Section        0  imu.o(.text._ZN3IMU16gyro_int8_to_dpsEhhf)
    [Anonymous Symbol]                       0x080030e0   Section        0  imu.o(.text._ZN3IMU17accel_int8_to_mpsEhhi)
    [Anonymous Symbol]                       0x08003194   Section        0  imu.o(.text._ZN3IMUC2Ev)
    [Anonymous Symbol]                       0x080031a0   Section        0  imu.o(.text._ZN3IMUD2Ev)
    __NVIC_EnableIRQ                         0x080031ad   Thumb Code    48  stm32f4xx_hal_cortex.o(.text.__NVIC_EnableIRQ)
    [Anonymous Symbol]                       0x080031ac   Section        0  stm32f4xx_hal_cortex.o(.text.__NVIC_EnableIRQ)
    __NVIC_GetPriorityGrouping               0x080031dd   Thumb Code    16  stm32f4xx_hal_cortex.o(.text.__NVIC_GetPriorityGrouping)
    [Anonymous Symbol]                       0x080031dc   Section        0  stm32f4xx_hal_cortex.o(.text.__NVIC_GetPriorityGrouping)
    __NVIC_SetPriority                       0x080031ed   Thumb Code    66  stm32f4xx_hal_cortex.o(.text.__NVIC_SetPriority)
    [Anonymous Symbol]                       0x080031ec   Section        0  stm32f4xx_hal_cortex.o(.text.__NVIC_SetPriority)
    __NVIC_SetPriorityGrouping               0x08003231   Thumb Code    60  stm32f4xx_hal_cortex.o(.text.__NVIC_SetPriorityGrouping)
    [Anonymous Symbol]                       0x08003230   Section        0  stm32f4xx_hal_cortex.o(.text.__NVIC_SetPriorityGrouping)
    __cxx_global_var_init                    0x0800326d   Thumb Code    44  imu.o(.text.__cxx_global_var_init)
    [Anonymous Symbol]                       0x0800326c   Section        0  imu.o(.text.__cxx_global_var_init)
    [Anonymous Symbol]                       0x08003298   Section        0  bmi088.o(.text.bmi088_accel_read_reg)
    [Anonymous Symbol]                       0x080032d0   Section        0  bmi088.o(.text.bmi088_gyro_read_reg)
    [Anonymous Symbol]                       0x08003304   Section        0  bmi088.o(.text.bmi088_init)
    [Anonymous Symbol]                       0x08003358   Section        0  bmi088.o(.text.bmi088_read_byte)
    [Anonymous Symbol]                       0x08003394   Section        0  bmi088.o(.text.bmi088_write_byte)
    [Anonymous Symbol]                       0x080033b8   Section        0  bmi088.o(.text.bmi088_write_reg)
    [Anonymous Symbol]                       0x080033dc   Section        0  main.o(.text.main)
    i.__ARM_fpclassify                       0x0800340c   Section        0  fpclassify.o(i.__ARM_fpclassify)
    i.__hardfp_pow                           0x08003440   Section        0  pow.o(i.__hardfp_pow)
    i.__kernel_poly                          0x080040a0   Section        0  poly.o(i.__kernel_poly)
    i.__mathlib_dbl_divzero                  0x08004198   Section        0  dunder.o(i.__mathlib_dbl_divzero)
    i.__mathlib_dbl_infnan2                  0x080041c8   Section        0  dunder.o(i.__mathlib_dbl_infnan2)
    i.__mathlib_dbl_invalid                  0x080041e0   Section        0  dunder.o(i.__mathlib_dbl_invalid)
    i.__mathlib_dbl_overflow                 0x08004200   Section        0  dunder.o(i.__mathlib_dbl_overflow)
    i.__mathlib_dbl_underflow                0x08004220   Section        0  dunder.o(i.__mathlib_dbl_underflow)
    i.fabs                                   0x08004240   Section        0  fabs.o(i.fabs)
    i.sqrt                                   0x08004258   Section        0  sqrt.o(i.sqrt)
    $v0                                      0x080042c6   Number         0  basic.o(x$fpl$basic)
    x$fpl$basic                              0x080042c6   Section       24  basic.o(x$fpl$basic)
    $v0                                      0x080042e0   Number         0  d2f.o(x$fpl$d2f)
    x$fpl$d2f                                0x080042e0   Section       98  d2f.o(x$fpl$d2f)
    $v0                                      0x08004344   Number         0  daddsub_clz.o(x$fpl$dadd)
    x$fpl$dadd                               0x08004344   Section      336  daddsub_clz.o(x$fpl$dadd)
    _dadd1                                   0x08004355   Thumb Code     0  daddsub_clz.o(x$fpl$dadd)
    $v0                                      0x08004494   Number         0  dcheck1.o(x$fpl$dcheck1)
    x$fpl$dcheck1                            0x08004494   Section       16  dcheck1.o(x$fpl$dcheck1)
    $v0                                      0x080044a4   Number         0  dcmpi.o(x$fpl$dcmpinf)
    x$fpl$dcmpinf                            0x080044a4   Section       24  dcmpi.o(x$fpl$dcmpinf)
    $v0                                      0x080044bc   Number         0  ddiv.o(x$fpl$ddiv)
    x$fpl$ddiv                               0x080044bc   Section      692  ddiv.o(x$fpl$ddiv)
    ddiv_entry                               0x080044c3   Thumb Code     0  ddiv.o(x$fpl$ddiv)
    $v0                                      0x08004770   Number         0  dflt_clz.o(x$fpl$dflt)
    x$fpl$dflt                               0x08004770   Section       46  dflt_clz.o(x$fpl$dflt)
    $v0                                      0x080047a0   Number         0  dleqf.o(x$fpl$dleqf)
    x$fpl$dleqf                              0x080047a0   Section      120  dleqf.o(x$fpl$dleqf)
    $v0                                      0x08004818   Number         0  dmul.o(x$fpl$dmul)
    x$fpl$dmul                               0x08004818   Section      340  dmul.o(x$fpl$dmul)
    $v0                                      0x0800496c   Number         0  dnaninf.o(x$fpl$dnaninf)
    x$fpl$dnaninf                            0x0800496c   Section      156  dnaninf.o(x$fpl$dnaninf)
    $v0                                      0x08004a08   Number         0  dretinf.o(x$fpl$dretinf)
    x$fpl$dretinf                            0x08004a08   Section       12  dretinf.o(x$fpl$dretinf)
    $v0                                      0x08004a14   Number         0  drleqf.o(x$fpl$drleqf)
    x$fpl$drleqf                             0x08004a14   Section      108  drleqf.o(x$fpl$drleqf)
    $v0                                      0x08004a80   Number         0  daddsub_clz.o(x$fpl$drsb)
    x$fpl$drsb                               0x08004a80   Section       22  daddsub_clz.o(x$fpl$drsb)
    $v0                                      0x08004a98   Number         0  dsqrt_umaal.o(x$fpl$dsqrt)
    x$fpl$dsqrt                              0x08004a98   Section      408  dsqrt_umaal.o(x$fpl$dsqrt)
    $v0                                      0x08004c30   Number         0  daddsub_clz.o(x$fpl$dsub)
    x$fpl$dsub                               0x08004c30   Section      476  daddsub_clz.o(x$fpl$dsub)
    _dsub1                                   0x08004c41   Thumb Code     0  daddsub_clz.o(x$fpl$dsub)
    $v0                                      0x08004e0c   Number         0  f2d.o(x$fpl$f2d)
    x$fpl$f2d                                0x08004e0c   Section       86  f2d.o(x$fpl$f2d)
    $v0                                      0x08004e62   Number         0  fnaninf.o(x$fpl$fnaninf)
    x$fpl$fnaninf                            0x08004e62   Section      140  fnaninf.o(x$fpl$fnaninf)
    $v0                                      0x08004eee   Number         0  fpinit.o(x$fpl$fpinit)
    x$fpl$fpinit                             0x08004eee   Section       26  fpinit.o(x$fpl$fpinit)
    $v0                                      0x08004f08   Number         0  fretinf.o(x$fpl$fretinf)
    x$fpl$fretinf                            0x08004f08   Section       10  fretinf.o(x$fpl$fretinf)
    $v0                                      0x08004f12   Number         0  retnan.o(x$fpl$retnan)
    x$fpl$retnan                             0x08004f12   Section      100  retnan.o(x$fpl$retnan)
    $v0                                      0x08004f76   Number         0  scalbn.o(x$fpl$scalbn)
    x$fpl$scalbn                             0x08004f76   Section       92  scalbn.o(x$fpl$scalbn)
    $v0                                      0x08004fd2   Number         0  trapv.o(x$fpl$trapveneer)
    x$fpl$trapveneer                         0x08004fd2   Section       48  trapv.o(x$fpl$trapveneer)
    x$fpl$usenofp                            0x08005002   Section        0  usenofp.o(x$fpl$usenofp)
    bp                                       0x08005008   Data          16  pow.o(.constdata)
    .constdata                               0x08005008   Section      136  pow.o(.constdata)
    dp_h                                     0x08005018   Data          16  pow.o(.constdata)
    dp_l                                     0x08005028   Data          16  pow.o(.constdata)
    L                                        0x08005038   Data          48  pow.o(.constdata)
    P                                        0x08005068   Data          40  pow.o(.constdata)
    .constdata                               0x08005090   Section        8  qnan.o(.constdata)
    .init_array                              0x080050cc   Section        0  init_aeabi.o(.init_array)
    .bss                                     0x20000010   Section       96  libspace.o(.bss)
    Heap_Mem                                 0x20000150   Data         512  startup_stm32f407xx.o(HEAP)
    HEAP                                     0x20000150   Section      512  startup_stm32f407xx.o(HEAP)
    Stack_Mem                                0x20000350   Data        1024  startup_stm32f407xx.o(STACK)
    STACK                                    0x20000350   Section     1024  startup_stm32f407xx.o(STACK)
    __initial_sp                             0x20000750   Data           0  startup_stm32f407xx.o(STACK)

    Global Symbols

    Symbol Name                              Value     Ov Type        Size  Object(Section)

    BuildAttributes$$THM_ISAv4$E$P$D$K$B$S$7EM$VFPi3$EXTD16$VFPS$VFMA$PE$A:L22UL41UL21$X:L11$S22US41US21$IEEE1$IW$~IW$USESV6$~STKCKD$USESV7$~SHL$OTIME$ROPI$IEEEX$EBA8$UX$STANDARDLIB$REQ8$PRES8$EABIv2 0x00000000   Number         0  anon$$obj.o ABSOLUTE
    __ARM_exceptions_init                     - Undefined Weak Reference
    __alloca_initialize                       - Undefined Weak Reference
    __arm_preinit_                            - Undefined Weak Reference
    __arm_relocate_pie_                       - Undefined Weak Reference
    __rt_locale                               - Undefined Weak Reference
    __sigvec_lookup                           - Undefined Weak Reference
    __user_heap_extent                        - Undefined Weak Reference
    _atexit_init                              - Undefined Weak Reference
    _call_atexit_fns                          - Undefined Weak Reference
    _clock_init                               - Undefined Weak Reference
    _fp_trap_init                             - Undefined Weak Reference
    _fp_trap_shutdown                         - Undefined Weak Reference
    _get_lc_collate                           - Undefined Weak Reference
    _get_lc_ctype                             - Undefined Weak Reference
    _get_lc_monetary                          - Undefined Weak Reference
    _get_lc_numeric                           - Undefined Weak Reference
    _get_lc_time                              - Undefined Weak Reference
    _getenv_init                              - Undefined Weak Reference
    _handle_redirection                       - Undefined Weak Reference
    _initio                                   - Undefined Weak Reference
    _mutex_acquire                            - Undefined Weak Reference
    _mutex_free                               - Undefined Weak Reference
    _mutex_release                            - Undefined Weak Reference
    _rand_init                                - Undefined Weak Reference
    _signal_finish                            - Undefined Weak Reference
    _signal_init                              - Undefined Weak Reference
    _terminateio                              - Undefined Weak Reference
    __Vectors_Size                           0x00000188   Number         0  startup_stm32f407xx.o ABSOLUTE
    __Vectors                                0x08000000   Data           4  startup_stm32f407xx.o(RESET)
    __dso_handle                             0x08000000   Number         0  startup_stm32f407xx.o(RESET)
    __Vectors_End                            0x08000188   Data           0  startup_stm32f407xx.o(RESET)
    __main                                   0x08000189   Thumb Code     8  __main.o(!!!main)
    __scatterload                            0x08000191   Thumb Code     0  __scatter.o(!!!scatter)
    __scatterload_rt2                        0x08000191   Thumb Code    44  __scatter.o(!!!scatter)
    __scatterload_rt2_thumb_only             0x08000191   Thumb Code     0  __scatter.o(!!!scatter)
    __scatterload_null                       0x0800019f   Thumb Code     0  __scatter.o(!!!scatter)
    __scatterload_copy                       0x080001c5   Thumb Code    26  __scatter_copy.o(!!handler_copy)
    __scatterload_zeroinit                   0x080001e1   Thumb Code    28  __scatter_zi.o(!!handler_zi)
    __rt_lib_init                            0x080001fd   Thumb Code     0  libinit.o(.ARM.Collect$$libinit$$00000000)
    __rt_lib_init_fp_1                       0x080001ff   Thumb Code     0  libinit2.o(.ARM.Collect$$libinit$$00000001)
    __rt_lib_init_heap_2                     0x08000203   Thumb Code     0  libinit2.o(.ARM.Collect$$libinit$$00000007)
    __rt_lib_init_preinit_1                  0x08000203   Thumb Code     0  libinit2.o(.ARM.Collect$$libinit$$00000006)
    __rt_lib_init_relocate_pie_1             0x08000203   Thumb Code     0  libinit2.o(.ARM.Collect$$libinit$$00000004)
    __rt_lib_init_alloca_1                   0x0800020b   Thumb Code     0  libinit2.o(.ARM.Collect$$libinit$$00000030)
    __rt_lib_init_argv_1                     0x0800020b   Thumb Code     0  libinit2.o(.ARM.Collect$$libinit$$0000002E)
    __rt_lib_init_atexit_1                   0x0800020b   Thumb Code     0  libinit2.o(.ARM.Collect$$libinit$$0000001D)
    __rt_lib_init_clock_1                    0x0800020b   Thumb Code     0  libinit2.o(.ARM.Collect$$libinit$$00000023)
    __rt_lib_init_cpp_2                      0x0800020b   Thumb Code     0  libinit2.o(.ARM.Collect$$libinit$$00000033)
    __rt_lib_init_exceptions_1               0x0800020b   Thumb Code     0  libinit2.o(.ARM.Collect$$libinit$$00000032)
    __rt_lib_init_fp_trap_1                  0x0800020b   Thumb Code     0  libinit2.o(.ARM.Collect$$libinit$$00000021)
    __rt_lib_init_getenv_1                   0x0800020b   Thumb Code     0  libinit2.o(.ARM.Collect$$libinit$$00000025)
    __rt_lib_init_heap_1                     0x0800020b   Thumb Code     0  libinit2.o(.ARM.Collect$$libinit$$0000000C)
    __rt_lib_init_lc_collate_1               0x0800020b   Thumb Code     0  libinit2.o(.ARM.Collect$$libinit$$00000013)
    __rt_lib_init_lc_ctype_1                 0x0800020b   Thumb Code     0  libinit2.o(.ARM.Collect$$libinit$$00000015)
    __rt_lib_init_lc_monetary_1              0x0800020b   Thumb Code     0  libinit2.o(.ARM.Collect$$libinit$$00000017)
    __rt_lib_init_lc_numeric_1               0x0800020b   Thumb Code     0  libinit2.o(.ARM.Collect$$libinit$$00000019)
    __rt_lib_init_lc_time_1                  0x0800020b   Thumb Code     0  libinit2.o(.ARM.Collect$$libinit$$0000001B)
    __rt_lib_init_rand_1                     0x0800020b   Thumb Code     0  libinit2.o(.ARM.Collect$$libinit$$00000010)
    __rt_lib_init_signal_1                   0x0800020b   Thumb Code     0  libinit2.o(.ARM.Collect$$libinit$$0000001F)
    __rt_lib_init_stdio_1                    0x0800020b   Thumb Code     0  libinit2.o(.ARM.Collect$$libinit$$00000027)
    __rt_lib_init_user_alloc_1               0x0800020b   Thumb Code     0  libinit2.o(.ARM.Collect$$libinit$$0000000E)
    __rt_lib_init_cpp_1                      0x0800020f   Thumb Code     0  libinit2.o(.ARM.Collect$$libinit$$00000034)
    __rt_lib_init_return                     0x0800020f   Thumb Code     0  libinit2.o(.ARM.Collect$$libinit$$00000035)
    __rt_lib_shutdown                        0x08000211   Thumb Code     0  libshutdown.o(.ARM.Collect$$libshutdown$$00000000)
    __rt_lib_shutdown_cpp_2                  0x08000213   Thumb Code     0  libshutdown2.o(.ARM.Collect$$libshutdown$$00000001)
    __rt_lib_shutdown_cpp_1                  0x08000219   Thumb Code     0  libshutdown2.o(.ARM.Collect$$libshutdown$$00000002)
    __rt_lib_shutdown_fp_trap_1              0x08000219   Thumb Code     0  libshutdown2.o(.ARM.Collect$$libshutdown$$00000007)
    __rt_lib_shutdown_heap_1                 0x08000219   Thumb Code     0  libshutdown2.o(.ARM.Collect$$libshutdown$$0000000F)
    __rt_lib_shutdown_return                 0x08000219   Thumb Code     0  libshutdown2.o(.ARM.Collect$$libshutdown$$00000010)
    __rt_lib_shutdown_signal_1               0x08000219   Thumb Code     0  libshutdown2.o(.ARM.Collect$$libshutdown$$0000000A)
    __rt_lib_shutdown_stdio_1                0x08000219   Thumb Code     0  libshutdown2.o(.ARM.Collect$$libshutdown$$00000004)
    __rt_lib_shutdown_user_alloc_1           0x08000219   Thumb Code     0  libshutdown2.o(.ARM.Collect$$libshutdown$$0000000C)
    __rt_entry                               0x0800021b   Thumb Code     0  __rtentry.o(.ARM.Collect$$rtentry$$00000000)
    __rt_entry_presh_1                       0x0800021b   Thumb Code     0  __rtentry2.o(.ARM.Collect$$rtentry$$00000002)
    __rt_entry_sh                            0x0800021b   Thumb Code     0  __rtentry4.o(.ARM.Collect$$rtentry$$00000004)
    __rt_entry_li                            0x08000221   Thumb Code     0  __rtentry2.o(.ARM.Collect$$rtentry$$0000000A)
    __rt_entry_postsh_1                      0x08000221   Thumb Code     0  __rtentry2.o(.ARM.Collect$$rtentry$$00000009)
    __rt_entry_main                          0x08000225   Thumb Code     0  __rtentry2.o(.ARM.Collect$$rtentry$$0000000D)
    __rt_entry_postli_1                      0x08000225   Thumb Code     0  __rtentry2.o(.ARM.Collect$$rtentry$$0000000C)
    __rt_exit                                0x0800022d   Thumb Code     0  rtexit.o(.ARM.Collect$$rtexit$$00000000)
    __rt_exit_ls                             0x0800022f   Thumb Code     0  rtexit2.o(.ARM.Collect$$rtexit$$00000003)
    __rt_exit_prels_1                        0x0800022f   Thumb Code     0  rtexit2.o(.ARM.Collect$$rtexit$$00000002)
    __rt_exit_exit                           0x08000233   Thumb Code     0  rtexit2.o(.ARM.Collect$$rtexit$$00000004)
    Reset_Handler                            0x08000239   Thumb Code     8  startup_stm32f407xx.o(.text)
    ADC_IRQHandler                           0x08000253   Thumb Code     0  startup_stm32f407xx.o(.text)
    CAN1_RX0_IRQHandler                      0x08000253   Thumb Code     0  startup_stm32f407xx.o(.text)
    CAN1_RX1_IRQHandler                      0x08000253   Thumb Code     0  startup_stm32f407xx.o(.text)
    CAN1_SCE_IRQHandler                      0x08000253   Thumb Code     0  startup_stm32f407xx.o(.text)
    CAN1_TX_IRQHandler                       0x08000253   Thumb Code     0  startup_stm32f407xx.o(.text)
    CAN2_RX0_IRQHandler                      0x08000253   Thumb Code     0  startup_stm32f407xx.o(.text)
    CAN2_RX1_IRQHandler                      0x08000253   Thumb Code     0  startup_stm32f407xx.o(.text)
    CAN2_SCE_IRQHandler                      0x08000253   Thumb Code     0  startup_stm32f407xx.o(.text)
    CAN2_TX_IRQHandler                       0x08000253   Thumb Code     0  startup_stm32f407xx.o(.text)
    DCMI_IRQHandler                          0x08000253   Thumb Code     0  startup_stm32f407xx.o(.text)
    DMA1_Stream0_IRQHandler                  0x08000253   Thumb Code     0  startup_stm32f407xx.o(.text)
    DMA1_Stream1_IRQHandler                  0x08000253   Thumb Code     0  startup_stm32f407xx.o(.text)
    DMA1_Stream2_IRQHandler                  0x08000253   Thumb Code     0  startup_stm32f407xx.o(.text)
    DMA1_Stream3_IRQHandler                  0x08000253   Thumb Code     0  startup_stm32f407xx.o(.text)
    DMA1_Stream4_IRQHandler                  0x08000253   Thumb Code     0  startup_stm32f407xx.o(.text)
    DMA1_Stream5_IRQHandler                  0x08000253   Thumb Code     0  startup_stm32f407xx.o(.text)
    DMA1_Stream6_IRQHandler                  0x08000253   Thumb Code     0  startup_stm32f407xx.o(.text)
    DMA1_Stream7_IRQHandler                  0x08000253   Thumb Code     0  startup_stm32f407xx.o(.text)
    DMA2_Stream0_IRQHandler                  0x08000253   Thumb Code     0  startup_stm32f407xx.o(.text)
    DMA2_Stream1_IRQHandler                  0x08000253   Thumb Code     0  startup_stm32f407xx.o(.text)
    DMA2_Stream2_IRQHandler                  0x08000253   Thumb Code     0  startup_stm32f407xx.o(.text)
    DMA2_Stream3_IRQHandler                  0x08000253   Thumb Code     0  startup_stm32f407xx.o(.text)
    DMA2_Stream4_IRQHandler                  0x08000253   Thumb Code     0  startup_stm32f407xx.o(.text)
    DMA2_Stream5_IRQHandler                  0x08000253   Thumb Code     0  startup_stm32f407xx.o(.text)
    DMA2_Stream6_IRQHandler                  0x08000253   Thumb Code     0  startup_stm32f407xx.o(.text)
    DMA2_Stream7_IRQHandler                  0x08000253   Thumb Code     0  startup_stm32f407xx.o(.text)
    ETH_IRQHandler                           0x08000253   Thumb Code     0  startup_stm32f407xx.o(.text)
    ETH_WKUP_IRQHandler                      0x08000253   Thumb Code     0  startup_stm32f407xx.o(.text)
    EXTI0_IRQHandler                         0x08000253   Thumb Code     0  startup_stm32f407xx.o(.text)
    EXTI15_10_IRQHandler                     0x08000253   Thumb Code     0  startup_stm32f407xx.o(.text)
    EXTI1_IRQHandler                         0x08000253   Thumb Code     0  startup_stm32f407xx.o(.text)
    EXTI2_IRQHandler                         0x08000253   Thumb Code     0  startup_stm32f407xx.o(.text)
    EXTI3_IRQHandler                         0x08000253   Thumb Code     0  startup_stm32f407xx.o(.text)
    EXTI4_IRQHandler                         0x08000253   Thumb Code     0  startup_stm32f407xx.o(.text)
    EXTI9_5_IRQHandler                       0x08000253   Thumb Code     0  startup_stm32f407xx.o(.text)
    FLASH_IRQHandler                         0x08000253   Thumb Code     0  startup_stm32f407xx.o(.text)
    FMC_IRQHandler                           0x08000253   Thumb Code     0  startup_stm32f407xx.o(.text)
    FPU_IRQHandler                           0x08000253   Thumb Code     0  startup_stm32f407xx.o(.text)
    HASH_RNG_IRQHandler                      0x08000253   Thumb Code     0  startup_stm32f407xx.o(.text)
    I2C1_ER_IRQHandler                       0x08000253   Thumb Code     0  startup_stm32f407xx.o(.text)
    I2C1_EV_IRQHandler                       0x08000253   Thumb Code     0  startup_stm32f407xx.o(.text)
    I2C2_ER_IRQHandler                       0x08000253   Thumb Code     0  startup_stm32f407xx.o(.text)
    I2C2_EV_IRQHandler                       0x08000253   Thumb Code     0  startup_stm32f407xx.o(.text)
    I2C3_ER_IRQHandler                       0x08000253   Thumb Code     0  startup_stm32f407xx.o(.text)
    I2C3_EV_IRQHandler                       0x08000253   Thumb Code     0  startup_stm32f407xx.o(.text)
    OTG_FS_IRQHandler                        0x08000253   Thumb Code     0  startup_stm32f407xx.o(.text)
    OTG_FS_WKUP_IRQHandler                   0x08000253   Thumb Code     0  startup_stm32f407xx.o(.text)
    OTG_HS_EP1_IN_IRQHandler                 0x08000253   Thumb Code     0  startup_stm32f407xx.o(.text)
    OTG_HS_EP1_OUT_IRQHandler                0x08000253   Thumb Code     0  startup_stm32f407xx.o(.text)
    OTG_HS_IRQHandler                        0x08000253   Thumb Code     0  startup_stm32f407xx.o(.text)
    OTG_HS_WKUP_IRQHandler                   0x08000253   Thumb Code     0  startup_stm32f407xx.o(.text)
    PVD_IRQHandler                           0x08000253   Thumb Code     0  startup_stm32f407xx.o(.text)
    RCC_IRQHandler                           0x08000253   Thumb Code     0  startup_stm32f407xx.o(.text)
    RTC_Alarm_IRQHandler                     0x08000253   Thumb Code     0  startup_stm32f407xx.o(.text)
    RTC_WKUP_IRQHandler                      0x08000253   Thumb Code     0  startup_stm32f407xx.o(.text)
    SDIO_IRQHandler                          0x08000253   Thumb Code     0  startup_stm32f407xx.o(.text)
    SPI1_IRQHandler                          0x08000253   Thumb Code     0  startup_stm32f407xx.o(.text)
    SPI2_IRQHandler                          0x08000253   Thumb Code     0  startup_stm32f407xx.o(.text)
    SPI3_IRQHandler                          0x08000253   Thumb Code     0  startup_stm32f407xx.o(.text)
    TAMP_STAMP_IRQHandler                    0x08000253   Thumb Code     0  startup_stm32f407xx.o(.text)
    TIM1_BRK_TIM9_IRQHandler                 0x08000253   Thumb Code     0  startup_stm32f407xx.o(.text)
    TIM1_CC_IRQHandler                       0x08000253   Thumb Code     0  startup_stm32f407xx.o(.text)
    TIM1_TRG_COM_TIM11_IRQHandler            0x08000253   Thumb Code     0  startup_stm32f407xx.o(.text)
    TIM1_UP_TIM10_IRQHandler                 0x08000253   Thumb Code     0  startup_stm32f407xx.o(.text)
    TIM2_IRQHandler                          0x08000253   Thumb Code     0  startup_stm32f407xx.o(.text)
    TIM3_IRQHandler                          0x08000253   Thumb Code     0  startup_stm32f407xx.o(.text)
    TIM4_IRQHandler                          0x08000253   Thumb Code     0  startup_stm32f407xx.o(.text)
    TIM5_IRQHandler                          0x08000253   Thumb Code     0  startup_stm32f407xx.o(.text)
    TIM7_IRQHandler                          0x08000253   Thumb Code     0  startup_stm32f407xx.o(.text)
    TIM8_BRK_TIM12_IRQHandler                0x08000253   Thumb Code     0  startup_stm32f407xx.o(.text)
    TIM8_CC_IRQHandler                       0x08000253   Thumb Code     0  startup_stm32f407xx.o(.text)
    TIM8_TRG_COM_TIM14_IRQHandler            0x08000253   Thumb Code     0  startup_stm32f407xx.o(.text)
    TIM8_UP_TIM13_IRQHandler                 0x08000253   Thumb Code     0  startup_stm32f407xx.o(.text)
    UART4_IRQHandler                         0x08000253   Thumb Code     0  startup_stm32f407xx.o(.text)
    UART5_IRQHandler                         0x08000253   Thumb Code     0  startup_stm32f407xx.o(.text)
    USART1_IRQHandler                        0x08000253   Thumb Code     0  startup_stm32f407xx.o(.text)
    USART2_IRQHandler                        0x08000253   Thumb Code     0  startup_stm32f407xx.o(.text)
    USART3_IRQHandler                        0x08000253   Thumb Code     0  startup_stm32f407xx.o(.text)
    USART6_IRQHandler                        0x08000253   Thumb Code     0  startup_stm32f407xx.o(.text)
    WWDG_IRQHandler                          0x08000253   Thumb Code     0  startup_stm32f407xx.o(.text)
    __user_initial_stackheap                 0x08000255   Thumb Code     0  startup_stm32f407xx.o(.text)
    __aeabi_uldivmod                         0x08000279   Thumb Code     0  lludivv7m.o(.text)
    _ll_udiv                                 0x08000279   Thumb Code   240  lludivv7m.o(.text)
    __cxa_atexit                             0x08000369   Thumb Code    10  cxa_atexit.o(.text)
    __aeabi_memclr4                          0x08000373   Thumb Code     0  rt_memclr_w.o(.text)
    __aeabi_memclr8                          0x08000373   Thumb Code     0  rt_memclr_w.o(.text)
    __rt_memclr_w                            0x08000373   Thumb Code     0  rt_memclr_w.o(.text)
    _memset_w                                0x08000377   Thumb Code    74  rt_memclr_w.o(.text)
    __use_two_region_memory                  0x080003c1   Thumb Code     2  heapauxi.o(.text)
    __rt_heap_escrow                         0x080003c3   Thumb Code     2  heapauxi.o(.text)
    __rt_heap_expand                         0x080003c5   Thumb Code     2  heapauxi.o(.text)
    __cpp_initialize__aeabi_                 0x080003c9   Thumb Code    28  init_aeabi.o(.text)
    __read_errno                             0x080003ed   Thumb Code    10  _rserrno.o(.text)
    __set_errno                              0x080003f7   Thumb Code    12  _rserrno.o(.text)
    __aeabi_atexit                           0x08000403   Thumb Code    46  aeabi_atexit.o(.text)
    __rt_ddtor_pointer_addr                  0x08000431   Thumb Code     8  rt_ddtor_pointer_addr_intlibspace.o(.text)
    __aeabi_errno_addr                       0x08000439   Thumb Code     8  rt_errno_addr_intlibspace.o(.text)
    __errno$intlibspace                      0x08000439   Thumb Code     0  rt_errno_addr_intlibspace.o(.text)
    __rt_errno_addr$intlibspace              0x08000439   Thumb Code     0  rt_errno_addr_intlibspace.o(.text)
    malloc                                   0x08000441   Thumb Code    94  h1_alloc.o(.text)
    __cxa_finalize                           0x0800049f   Thumb Code    66  cxa_finalize.o(.text)
    __user_libspace                          0x080004e1   Thumb Code     8  libspace.o(.text)
    __user_perproc_libspace                  0x080004e1   Thumb Code     0  libspace.o(.text)
    __user_perthread_libspace                0x080004e1   Thumb Code     0  libspace.o(.text)
    __user_setup_stackheap                   0x080004e9   Thumb Code    74  sys_stackheap_outer.o(.text)
    __rt_heap_descriptor                     0x08000535   Thumb Code     8  rt_heap_descriptor_intlibspace.o(.text)
    __use_no_heap                            0x0800053d   Thumb Code     2  hguard.o(.text)
    __heap$guard                             0x0800053f   Thumb Code     2  hguard.o(.text)
    _terminate_user_alloc                    0x08000541   Thumb Code     2  init_alloc.o(.text)
    _init_user_alloc                         0x08000543   Thumb Code     2  init_alloc.o(.text)
    __Heap_Full                              0x08000545   Thumb Code    34  init_alloc.o(.text)
    __Heap_Broken                            0x08000567   Thumb Code     6  init_alloc.o(.text)
    _init_alloc                              0x0800056d   Thumb Code    94  init_alloc.o(.text)
    __Heap_Initialize                        0x080005cb   Thumb Code    10  h1_init.o(.text)
    __Heap_DescSize                          0x080005d5   Thumb Code     4  h1_init.o(.text)
    free                                     0x080005d9   Thumb Code    78  h1_free.o(.text)
    exit                                     0x08000627   Thumb Code    18  exit.o(.text)
    __Heap_ProvideMemory                     0x08000639   Thumb Code    52  h1_extend.o(.text)
    _maybe_terminate_alloc                   0x08000639   Thumb Code     0  maybetermalloc1.o(.text)
    __sig_exit                               0x0800066d   Thumb Code    10  defsig_exit.o(.text)
    __rt_SIGRTMEM                            0x08000677   Thumb Code    14  defsig_rtmem_outer.o(.text)
    _sys_exit                                0x08000685   Thumb Code     8  sys_exit.o(.text)
    __I$use$semihosting                      0x08000691   Thumb Code     0  use_no_semi.o(.text)
    __use_no_semihosting_swi                 0x08000691   Thumb Code     2  use_no_semi.o(.text)
    __default_signal_display                 0x08000693   Thumb Code    50  defsig_general.o(.text)
    __semihosting_library_function           0x08000693   Thumb Code     0  indicate_semi.o(.text)
    __rt_SIGRTMEM_inner                      0x080006c5   Thumb Code    22  defsig_rtmem_inner.o(.text)
    _ttywrch                                 0x08000715   Thumb Code    14  sys_wrch.o(.text)
    BMI088_ACCEL_NS_H                        0x08000725   Thumb Code    18  bmi088.o(.text.BMI088_ACCEL_NS_H)
    BMI088_ACCEL_NS_L                        0x08000739   Thumb Code    18  bmi088.o(.text.BMI088_ACCEL_NS_L)
    BMI088_GYRO_NS_H                         0x0800074d   Thumb Code    20  bmi088.o(.text.BMI088_GYRO_NS_H)
    BMI088_GYRO_NS_L                         0x08000761   Thumb Code    20  bmi088.o(.text.BMI088_GYRO_NS_L)
    BusFault_Handler                         0x08000775   Thumb Code     4  stm32f4xx_it.o(.text.BusFault_Handler)
    DebugMon_Handler                         0x08000779   Thumb Code     2  stm32f4xx_it.o(.text.DebugMon_Handler)
    Error_Handler                            0x0800077d   Thumb Code     6  main.o(.text.Error_Handler)
    HAL_Delay                                0x08000785   Thumb Code    66  stm32f4xx_hal.o(.text.HAL_Delay)
    HAL_GPIO_Init                            0x080007c9   Thumb Code   950  stm32f4xx_hal_gpio.o(.text.HAL_GPIO_Init)
    HAL_GPIO_WritePin                        0x08000b81   Thumb Code    46  stm32f4xx_hal_gpio.o(.text.HAL_GPIO_WritePin)
    HAL_GetTick                              0x08000bb1   Thumb Code    12  stm32f4xx_hal.o(.text.HAL_GetTick)
    HAL_IncTick                              0x08000bbd   Thumb Code    26  stm32f4xx_hal.o(.text.HAL_IncTick)
    HAL_Init                                 0x08000bd9   Thumb Code    54  stm32f4xx_hal.o(.text.HAL_Init)
    HAL_InitTick                             0x08000c11   Thumb Code   112  stm32f4xx_hal.o(.text.HAL_InitTick)
    HAL_MspInit                              0x08000c81   Thumb Code    74  stm32f4xx_hal_msp.o(.text.HAL_MspInit)
    HAL_NVIC_EnableIRQ                       0x08000ccd   Thumb Code    20  stm32f4xx_hal_cortex.o(.text.HAL_NVIC_EnableIRQ)
    HAL_NVIC_SetPriority                     0x08000ce1   Thumb Code    50  stm32f4xx_hal_cortex.o(.text.HAL_NVIC_SetPriority)
    HAL_NVIC_SetPriorityGrouping             0x08000d15   Thumb Code    16  stm32f4xx_hal_cortex.o(.text.HAL_NVIC_SetPriorityGrouping)
    HAL_RCC_ClockConfig                      0x08000d25   Thumb Code   610  stm32f4xx_hal_rcc.o(.text.HAL_RCC_ClockConfig)
    HAL_RCC_GetSysClockFreq                  0x08000f89   Thumb Code   230  stm32f4xx_hal_rcc.o(.text.HAL_RCC_GetSysClockFreq)
    HAL_RCC_OscConfig                        0x08001071   Thumb Code  1726  stm32f4xx_hal_rcc.o(.text.HAL_RCC_OscConfig)
    HAL_SPI_GetState                         0x08001731   Thumb Code    14  stm32f4xx_hal_spi.o(.text.HAL_SPI_GetState)
    HAL_SPI_Init                             0x08001741   Thumb Code   256  stm32f4xx_hal_spi.o(.text.HAL_SPI_Init)
    HAL_SPI_MspInit                          0x08001841   Thumb Code   228  spi.o(.text.HAL_SPI_MspInit)
    HAL_SPI_Receive                          0x08001925   Thumb Code   590  stm32f4xx_hal_spi.o(.text.HAL_SPI_Receive)
    HAL_SPI_Transmit                         0x08001b75   Thumb Code   674  stm32f4xx_hal_spi.o(.text.HAL_SPI_Transmit)
    HAL_SPI_TransmitReceive                  0x08001e19   Thumb Code   930  stm32f4xx_hal_spi.o(.text.HAL_SPI_TransmitReceive)
    HAL_SYSTICK_Config                       0x080021bd   Thumb Code    16  stm32f4xx_hal_cortex.o(.text.HAL_SYSTICK_Config)
    HAL_TIMEx_BreakCallback                  0x080021cd   Thumb Code     8  stm32f4xx_hal_tim_ex.o(.text.HAL_TIMEx_BreakCallback)
    HAL_TIMEx_CommutCallback                 0x080021d5   Thumb Code     8  stm32f4xx_hal_tim_ex.o(.text.HAL_TIMEx_CommutCallback)
    HAL_TIMEx_MasterConfigSynchronization    0x080021dd   Thumb Code   290  stm32f4xx_hal_tim_ex.o(.text.HAL_TIMEx_MasterConfigSynchronization)
    HAL_TIM_Base_Init                        0x08002301   Thumb Code   156  stm32f4xx_hal_tim.o(.text.HAL_TIM_Base_Init)
    HAL_TIM_Base_MspInit                     0x0800239d   Thumb Code    82  tim.o(.text.HAL_TIM_Base_MspInit)
    HAL_TIM_Base_Start_IT                    0x080023f1   Thumb Code   246  stm32f4xx_hal_tim.o(.text.HAL_TIM_Base_Start_IT)
    HAL_TIM_IC_CaptureCallback               0x080024e9   Thumb Code     8  stm32f4xx_hal_tim.o(.text.HAL_TIM_IC_CaptureCallback)
    HAL_TIM_IRQHandler                       0x080024f1   Thumb Code   538  stm32f4xx_hal_tim.o(.text.HAL_TIM_IRQHandler)
    HAL_TIM_OC_DelayElapsedCallback          0x0800270d   Thumb Code     8  stm32f4xx_hal_tim.o(.text.HAL_TIM_OC_DelayElapsedCallback)
    HAL_TIM_PWM_PulseFinishedCallback        0x08002715   Thumb Code     8  stm32f4xx_hal_tim.o(.text.HAL_TIM_PWM_PulseFinishedCallback)
    HAL_TIM_PeriodElapsedCallback            0x0800271d   Thumb Code    48  callback.o(.text.HAL_TIM_PeriodElapsedCallback)
    HAL_TIM_TriggerCallback                  0x0800274d   Thumb Code     8  stm32f4xx_hal_tim.o(.text.HAL_TIM_TriggerCallback)
    HardFault_Handler                        0x08002755   Thumb Code     4  stm32f4xx_it.o(.text.HardFault_Handler)
    MX_GPIO_Init                             0x08002759   Thumb Code   206  gpio.o(.text.MX_GPIO_Init)
    MX_SPI1_Init                             0x08002829   Thumb Code    82  spi.o(.text.MX_SPI1_Init)
    MX_TIM6_Init                             0x0800287d   Thumb Code    90  tim.o(.text.MX_TIM6_Init)
    MemManage_Handler                        0x080028d9   Thumb Code     4  stm32f4xx_it.o(.text.MemManage_Handler)
    NMI_Handler                              0x080028dd   Thumb Code     4  stm32f4xx_it.o(.text.NMI_Handler)
    PendSV_Handler                           0x0800294d   Thumb Code     2  stm32f4xx_it.o(.text.PendSV_Handler)
    SVC_Handler                              0x08002c2d   Thumb Code     2  stm32f4xx_it.o(.text.SVC_Handler)
    SysTick_Handler                          0x08002c85   Thumb Code     8  stm32f4xx_it.o(.text.SysTick_Handler)
    SystemClock_Config                       0x08002c8d   Thumb Code   188  main.o(.text.SystemClock_Config)
    SystemInit                               0x08002d49   Thumb Code    18  system_stm32f4xx.o(.text.SystemInit)
    TIM6_DAC_IRQHandler                      0x08002d5d   Thumb Code    16  stm32f4xx_it.o(.text.TIM6_DAC_IRQHandler)
    TIM_Base_SetConfig                       0x08002d6d   Thumb Code   420  stm32f4xx_hal_tim.o(.text.TIM_Base_SetConfig)
    UsageFault_Handler                       0x08002f11   Thumb Code     4  stm32f4xx_it.o(.text.UsageFault_Handler)
    std::__2::enable_if<std::is_arithmetic<int>::value && std::is_arithmetic<int>::value, std::__2::__promote<int, int, void>>::type::type pow[abi:v16000]<int, int>(int, int) 0x08002f1d   Thumb Code    44  imu.o(.text._Z3powB6v16000IiiENSt3__29enable_ifIXaasr3std13is_arithmeticIT_EE5valuesr3std13is_arithmeticIT0_EE5valueENS0_9__promoteIS2_S3_vEEE4type4typeES2_S3_)
    IMU::gyro_calculate()                    0x08002f49   Thumb Code   188  imu.o(.text._ZN3IMU14gyro_calculateEv)
    IMU::accel_calculate()                   0x08003005   Thumb Code   144  imu.o(.text._ZN3IMU15accel_calculateEv)
    IMU::gyro_int8_to_dps(unsigned char, unsigned char, float) 0x08003095   Thumb Code    72  imu.o(.text._ZN3IMU16gyro_int8_to_dpsEhhf)
    IMU::accel_int8_to_mps(unsigned char, unsigned char, int) 0x080030e1   Thumb Code   180  imu.o(.text._ZN3IMU17accel_int8_to_mpsEhhi)
    IMU::IMU__sub_object()                   0x08003195   Thumb Code    10  imu.o(.text._ZN3IMUC2Ev)
    IMU::~IMU__sub_object()                  0x080031a1   Thumb Code    10  imu.o(.text._ZN3IMUD2Ev)
    bmi088_accel_read_reg                    0x08003299   Thumb Code    56  bmi088.o(.text.bmi088_accel_read_reg)
    bmi088_gyro_read_reg                     0x080032d1   Thumb Code    52  bmi088.o(.text.bmi088_gyro_read_reg)
    bmi088_init                              0x08003305   Thumb Code    84  bmi088.o(.text.bmi088_init)
    bmi088_read_byte                         0x08003359   Thumb Code    58  bmi088.o(.text.bmi088_read_byte)
    bmi088_write_byte                        0x08003395   Thumb Code    34  bmi088.o(.text.bmi088_write_byte)
    bmi088_write_reg                         0x080033b9   Thumb Code    36  bmi088.o(.text.bmi088_write_reg)
    main                                     0x080033dd   Thumb Code    48  main.o(.text.main)
    __ARM_fpclassify                         0x0800340d   Thumb Code    48  fpclassify.o(i.__ARM_fpclassify)
    __hardfp_pow                             0x08003441   Thumb Code  3088  pow.o(i.__hardfp_pow)
    __kernel_poly                            0x080040a1   Thumb Code   248  poly.o(i.__kernel_poly)
    __mathlib_dbl_divzero                    0x08004199   Thumb Code    28  dunder.o(i.__mathlib_dbl_divzero)
    __mathlib_dbl_infnan2                    0x080041c9   Thumb Code    20  dunder.o(i.__mathlib_dbl_infnan2)
    __mathlib_dbl_invalid                    0x080041e1   Thumb Code    24  dunder.o(i.__mathlib_dbl_invalid)
    __mathlib_dbl_overflow                   0x08004201   Thumb Code    24  dunder.o(i.__mathlib_dbl_overflow)
    __mathlib_dbl_underflow                  0x08004221   Thumb Code    24  dunder.o(i.__mathlib_dbl_underflow)
    fabs                                     0x08004241   Thumb Code    24  fabs.o(i.fabs)
    sqrt                                     0x08004259   Thumb Code   110  sqrt.o(i.sqrt)
    __aeabi_dneg                             0x080042c7   Thumb Code     0  basic.o(x$fpl$basic)
    _dneg                                    0x080042c7   Thumb Code     6  basic.o(x$fpl$basic)
    __aeabi_fneg                             0x080042cd   Thumb Code     0  basic.o(x$fpl$basic)
    _fneg                                    0x080042cd   Thumb Code     6  basic.o(x$fpl$basic)
    _dabs                                    0x080042d3   Thumb Code     6  basic.o(x$fpl$basic)
    _fabs                                    0x080042d9   Thumb Code     6  basic.o(x$fpl$basic)
    __aeabi_d2f                              0x080042e1   Thumb Code     0  d2f.o(x$fpl$d2f)
    _d2f                                     0x080042e1   Thumb Code    98  d2f.o(x$fpl$d2f)
    __aeabi_dadd                             0x08004345   Thumb Code     0  daddsub_clz.o(x$fpl$dadd)
    _dadd                                    0x08004345   Thumb Code   332  daddsub_clz.o(x$fpl$dadd)
    __fpl_dcheck_NaN1                        0x08004495   Thumb Code    10  dcheck1.o(x$fpl$dcheck1)
    __fpl_dcmp_Inf                           0x080044a5   Thumb Code    24  dcmpi.o(x$fpl$dcmpinf)
    __aeabi_ddiv                             0x080044bd   Thumb Code     0  ddiv.o(x$fpl$ddiv)
    _ddiv                                    0x080044bd   Thumb Code   556  ddiv.o(x$fpl$ddiv)
    __aeabi_i2d                              0x08004771   Thumb Code     0  dflt_clz.o(x$fpl$dflt)
    _dflt                                    0x08004771   Thumb Code    46  dflt_clz.o(x$fpl$dflt)
    __aeabi_cdcmple                          0x080047a1   Thumb Code     0  dleqf.o(x$fpl$dleqf)
    _dcmple                                  0x080047a1   Thumb Code   120  dleqf.o(x$fpl$dleqf)
    __fpl_dcmple_InfNaN                      0x08004803   Thumb Code     0  dleqf.o(x$fpl$dleqf)
    __aeabi_dmul                             0x08004819   Thumb Code     0  dmul.o(x$fpl$dmul)
    _dmul                                    0x08004819   Thumb Code   332  dmul.o(x$fpl$dmul)
    __fpl_dnaninf                            0x0800496d   Thumb Code   156  dnaninf.o(x$fpl$dnaninf)
    __fpl_dretinf                            0x08004a09   Thumb Code    12  dretinf.o(x$fpl$dretinf)
    __aeabi_cdrcmple                         0x08004a15   Thumb Code     0  drleqf.o(x$fpl$drleqf)
    _drcmple                                 0x08004a15   Thumb Code   108  drleqf.o(x$fpl$drleqf)
    __aeabi_drsub                            0x08004a81   Thumb Code     0  daddsub_clz.o(x$fpl$drsb)
    _drsb                                    0x08004a81   Thumb Code    22  daddsub_clz.o(x$fpl$drsb)
    _dsqrt                                   0x08004a99   Thumb Code   404  dsqrt_umaal.o(x$fpl$dsqrt)
    __aeabi_dsub                             0x08004c31   Thumb Code     0  daddsub_clz.o(x$fpl$dsub)
    _dsub                                    0x08004c31   Thumb Code   472  daddsub_clz.o(x$fpl$dsub)
    __aeabi_f2d                              0x08004e0d   Thumb Code     0  f2d.o(x$fpl$f2d)
    _f2d                                     0x08004e0d   Thumb Code    86  f2d.o(x$fpl$f2d)
    __fpl_fnaninf                            0x08004e63   Thumb Code   140  fnaninf.o(x$fpl$fnaninf)
    _fp_init                                 0x08004eef   Thumb Code    26  fpinit.o(x$fpl$fpinit)
    __fplib_config_fpu_vfp                   0x08004f07   Thumb Code     0  fpinit.o(x$fpl$fpinit)
    __fplib_config_pureend_doubles           0x08004f07   Thumb Code     0  fpinit.o(x$fpl$fpinit)
    __fpl_fretinf                            0x08004f09   Thumb Code    10  fretinf.o(x$fpl$fretinf)
    __fpl_return_NaN                         0x08004f13   Thumb Code   100  retnan.o(x$fpl$retnan)
    __ARM_scalbn                             0x08004f77   Thumb Code    92  scalbn.o(x$fpl$scalbn)
    __fpl_cmpreturn                          0x08004fd3   Thumb Code    48  trapv.o(x$fpl$trapveneer)
    __I$use$fp                               0x08005002   Number         0  usenofp.o(x$fpl$usenofp)
    __mathlib_zero                           0x08005090   Data           8  qnan.o(.constdata)
    AHBPrescTable                            0x08005098   Data          16  system_stm32f4xx.o(.rodata.AHBPrescTable)
    Region$$Table$$Base                      0x080050a8   Number         0  anon$$obj.o(Region$$Table)
    Region$$Table$$Limit                     0x080050c8   Number         0  anon$$obj.o(Region$$Table)
    SHT$$INIT_ARRAY$$Base                    0x080050c8   Number         0  imu.o(.init_array)
    SHT$$INIT_ARRAY$$Limit                   0x080050cc   Number         0  init_aeabi.o(.init_array)
    SystemCoreClock                          0x20000000   Data           4  system_stm32f4xx.o(.data.SystemCoreClock)
    uwTickFreq                               0x20000004   Data           1  stm32f4xx_hal.o(.data.uwTickFreq)
    uwTickPrio                               0x20000008   Data           4  stm32f4xx_hal.o(.data.uwTickPrio)
    __libspace_start                         0x20000010   Data          96  libspace.o(.bss)
    __temporary_stack_top$libspace           0x20000070   Data           0  libspace.o(.bss)
    hspi1                                    0x20000070   Data          88  spi.o(.bss.hspi1)
    htim6                                    0x200000c8   Data          72  tim.o(.bss.htim6)
    imu                                      0x20000110   Data          52  imu.o(.bss.imu)
    raw_data                                 0x20000144   Data           2  imu.o(.bss.raw_data)
    uwTick                                   0x20000148   Data           4  stm32f4xx_hal.o(.bss.uwTick)



==============================================================================

Memory Map of the image

  Image Entry point : 0x08000189

  Load Region LR_IROM1 (Base: 0x08000000, Size: 0x000050e0, Max: 0x00100000, ABSOLUTE)

    Execution Region ER_IROM1 (Exec base: 0x08000000, Load base: 0x08000000, Size: 0x000050cc, Max: 0x00100000, ABSOLUTE)

    Exec Addr    Load Addr    Size         Type   Attr      Idx    E Section Name        Object

    0x08000000   0x08000000   0x00000188   Data   RO            3    RESET               startup_stm32f407xx.o
    0x08000188   0x08000188   0x00000008   Code   RO         1086  * !!!main             c_w.l(__main.o)
    0x08000190   0x08000190   0x00000034   Code   RO         1485    !!!scatter          c_w.l(__scatter.o)
    0x080001c4   0x080001c4   0x0000001a   Code   RO         1487    !!handler_copy      c_w.l(__scatter_copy.o)
    0x080001de   0x080001de   0x00000002   PAD
    0x080001e0   0x080001e0   0x0000001c   Code   RO         1489    !!handler_zi        c_w.l(__scatter_zi.o)
    0x080001fc   0x080001fc   0x00000002   Code   RO         1384    .ARM.Collect$$libinit$$00000000  c_w.l(libinit.o)
    0x080001fe   0x080001fe   0x00000004   Code   RO         1126    .ARM.Collect$$libinit$$00000001  c_w.l(libinit2.o)
    0x08000202   0x08000202   0x00000000   Code   RO         1129    .ARM.Collect$$libinit$$00000004  c_w.l(libinit2.o)
    0x08000202   0x08000202   0x00000000   Code   RO         1131    .ARM.Collect$$libinit$$00000006  c_w.l(libinit2.o)
    0x08000202   0x08000202   0x00000008   Code   RO         1132    .ARM.Collect$$libinit$$00000007  c_w.l(libinit2.o)
    0x0800020a   0x0800020a   0x00000000   Code   RO         1134    .ARM.Collect$$libinit$$0000000C  c_w.l(libinit2.o)
    0x0800020a   0x0800020a   0x00000000   Code   RO         1136    .ARM.Collect$$libinit$$0000000E  c_w.l(libinit2.o)
    0x0800020a   0x0800020a   0x00000000   Code   RO         1138    .ARM.Collect$$libinit$$00000010  c_w.l(libinit2.o)
    0x0800020a   0x0800020a   0x00000000   Code   RO         1141    .ARM.Collect$$libinit$$00000013  c_w.l(libinit2.o)
    0x0800020a   0x0800020a   0x00000000   Code   RO         1143    .ARM.Collect$$libinit$$00000015  c_w.l(libinit2.o)
    0x0800020a   0x0800020a   0x00000000   Code   RO         1145    .ARM.Collect$$libinit$$00000017  c_w.l(libinit2.o)
    0x0800020a   0x0800020a   0x00000000   Code   RO         1147    .ARM.Collect$$libinit$$00000019  c_w.l(libinit2.o)
    0x0800020a   0x0800020a   0x00000000   Code   RO         1149    .ARM.Collect$$libinit$$0000001B  c_w.l(libinit2.o)
    0x0800020a   0x0800020a   0x00000000   Code   RO         1151    .ARM.Collect$$libinit$$0000001D  c_w.l(libinit2.o)
    0x0800020a   0x0800020a   0x00000000   Code   RO         1153    .ARM.Collect$$libinit$$0000001F  c_w.l(libinit2.o)
    0x0800020a   0x0800020a   0x00000000   Code   RO         1155    .ARM.Collect$$libinit$$00000021  c_w.l(libinit2.o)
    0x0800020a   0x0800020a   0x00000000   Code   RO         1157    .ARM.Collect$$libinit$$00000023  c_w.l(libinit2.o)
    0x0800020a   0x0800020a   0x00000000   Code   RO         1159    .ARM.Collect$$libinit$$00000025  c_w.l(libinit2.o)
    0x0800020a   0x0800020a   0x00000000   Code   RO         1161    .ARM.Collect$$libinit$$00000027  c_w.l(libinit2.o)
    0x0800020a   0x0800020a   0x00000000   Code   RO         1165    .ARM.Collect$$libinit$$0000002E  c_w.l(libinit2.o)
    0x0800020a   0x0800020a   0x00000000   Code   RO         1167    .ARM.Collect$$libinit$$00000030  c_w.l(libinit2.o)
    0x0800020a   0x0800020a   0x00000000   Code   RO         1169    .ARM.Collect$$libinit$$00000032  c_w.l(libinit2.o)
    0x0800020a   0x0800020a   0x00000004   Code   RO         1170    .ARM.Collect$$libinit$$00000033  c_w.l(libinit2.o)
    0x0800020e   0x0800020e   0x00000000   Code   RO         1171    .ARM.Collect$$libinit$$00000034  c_w.l(libinit2.o)
    0x0800020e   0x0800020e   0x00000002   Code   RO         1172    .ARM.Collect$$libinit$$00000035  c_w.l(libinit2.o)
    0x08000210   0x08000210   0x00000002   Code   RO         1468    .ARM.Collect$$libshutdown$$00000000  c_w.l(libshutdown.o)
    0x08000212   0x08000212   0x00000006   Code   RO         1385    .ARM.Collect$$libshutdown$$00000001  c_w.l(libshutdown2.o)
    0x08000218   0x08000218   0x00000000   Code   RO         1386    .ARM.Collect$$libshutdown$$00000002  c_w.l(libshutdown2.o)
    0x08000218   0x08000218   0x00000000   Code   RO         1388    .ARM.Collect$$libshutdown$$00000004  c_w.l(libshutdown2.o)
    0x08000218   0x08000218   0x00000000   Code   RO         1391    .ARM.Collect$$libshutdown$$00000007  c_w.l(libshutdown2.o)
    0x08000218   0x08000218   0x00000000   Code   RO         1394    .ARM.Collect$$libshutdown$$0000000A  c_w.l(libshutdown2.o)
    0x08000218   0x08000218   0x00000000   Code   RO         1396    .ARM.Collect$$libshutdown$$0000000C  c_w.l(libshutdown2.o)
    0x08000218   0x08000218   0x00000000   Code   RO         1399    .ARM.Collect$$libshutdown$$0000000F  c_w.l(libshutdown2.o)
    0x08000218   0x08000218   0x00000002   Code   RO         1400    .ARM.Collect$$libshutdown$$00000010  c_w.l(libshutdown2.o)
    0x0800021a   0x0800021a   0x00000000   Code   RO         1113    .ARM.Collect$$rtentry$$00000000  c_w.l(__rtentry.o)
    0x0800021a   0x0800021a   0x00000000   Code   RO         1234    .ARM.Collect$$rtentry$$00000002  c_w.l(__rtentry2.o)
    0x0800021a   0x0800021a   0x00000006   Code   RO         1246    .ARM.Collect$$rtentry$$00000004  c_w.l(__rtentry4.o)
    0x08000220   0x08000220   0x00000000   Code   RO         1236    .ARM.Collect$$rtentry$$00000009  c_w.l(__rtentry2.o)
    0x08000220   0x08000220   0x00000004   Code   RO         1237    .ARM.Collect$$rtentry$$0000000A  c_w.l(__rtentry2.o)
    0x08000224   0x08000224   0x00000000   Code   RO         1239    .ARM.Collect$$rtentry$$0000000C  c_w.l(__rtentry2.o)
    0x08000224   0x08000224   0x00000008   Code   RO         1240    .ARM.Collect$$rtentry$$0000000D  c_w.l(__rtentry2.o)
    0x0800022c   0x0800022c   0x00000002   Code   RO         1409    .ARM.Collect$$rtexit$$00000000  c_w.l(rtexit.o)
    0x0800022e   0x0800022e   0x00000000   Code   RO         1442    .ARM.Collect$$rtexit$$00000002  c_w.l(rtexit2.o)
    0x0800022e   0x0800022e   0x00000004   Code   RO         1443    .ARM.Collect$$rtexit$$00000003  c_w.l(rtexit2.o)
    0x08000232   0x08000232   0x00000006   Code   RO         1444    .ARM.Collect$$rtexit$$00000004  c_w.l(rtexit2.o)
    0x08000238   0x08000238   0x00000040   Code   RO            4    .text               startup_stm32f407xx.o
    0x08000278   0x08000278   0x000000f0   Code   RO         1074    .text               c_w.l(lludivv7m.o)
    0x08000368   0x08000368   0x0000000a   Code   RO         1079    .text               c_w.l(cxa_atexit.o)
    0x08000372   0x08000372   0x0000004e   Code   RO         1082    .text               c_w.l(rt_memclr_w.o)
    0x080003c0   0x080003c0   0x00000006   Code   RO         1084    .text               c_w.l(heapauxi.o)
    0x080003c6   0x080003c6   0x00000002   PAD
    0x080003c8   0x080003c8   0x00000024   Code   RO         1091    .text               c_w.l(init_aeabi.o)
    0x080003ec   0x080003ec   0x00000016   Code   RO         1118    .text               c_w.l(_rserrno.o)
    0x08000402   0x08000402   0x0000002e   Code   RO         1123    .text               c_w.l(aeabi_atexit.o)
    0x08000430   0x08000430   0x00000008   Code   RO         1253    .text               c_w.l(rt_ddtor_pointer_addr_intlibspace.o)
    0x08000438   0x08000438   0x00000008   Code   RO         1258    .text               c_w.l(rt_errno_addr_intlibspace.o)
    0x08000440   0x08000440   0x0000005e   Code   RO         1262    .text               c_w.l(h1_alloc.o)
    0x0800049e   0x0800049e   0x00000042   Code   RO         1316    .text               c_w.l(cxa_finalize.o)
    0x080004e0   0x080004e0   0x00000008   Code   RO         1329    .text               c_w.l(libspace.o)
    0x080004e8   0x080004e8   0x0000004a   Code   RO         1334    .text               c_w.l(sys_stackheap_outer.o)
    0x08000532   0x08000532   0x00000002   PAD
    0x08000534   0x08000534   0x00000008   Code   RO         1339    .text               c_w.l(rt_heap_descriptor_intlibspace.o)
    0x0800053c   0x0800053c   0x00000004   Code   RO         1341    .text               c_w.l(hguard.o)
    0x08000540   0x08000540   0x0000008a   Code   RO         1343    .text               c_w.l(init_alloc.o)
    0x080005ca   0x080005ca   0x0000000e   Code   RO         1349    .text               c_w.l(h1_init.o)
    0x080005d8   0x080005d8   0x0000004e   Code   RO         1351    .text               c_w.l(h1_free.o)
    0x08000626   0x08000626   0x00000012   Code   RO         1365    .text               c_w.l(exit.o)
    0x08000638   0x08000638   0x00000000   Code   RO         1415    .text               c_w.l(maybetermalloc1.o)
    0x08000638   0x08000638   0x00000034   Code   RO         1417    .text               c_w.l(h1_extend.o)
    0x0800066c   0x0800066c   0x0000000a   Code   RO         1421    .text               c_w.l(defsig_exit.o)
    0x08000676   0x08000676   0x0000000e   Code   RO         1425    .text               c_w.l(defsig_rtmem_outer.o)
    0x08000684   0x08000684   0x0000000c   Code   RO         1434    .text               c_w.l(sys_exit.o)
    0x08000690   0x08000690   0x00000002   Code   RO         1438    .text               c_w.l(use_no_semi.o)
    0x08000692   0x08000692   0x00000000   Code   RO         1440    .text               c_w.l(indicate_semi.o)
    0x08000692   0x08000692   0x00000032   Code   RO         1452    .text               c_w.l(defsig_general.o)
    0x080006c4   0x080006c4   0x00000050   Code   RO         1454    .text               c_w.l(defsig_rtmem_inner.o)
    0x08000714   0x08000714   0x0000000e   Code   RO         1456    .text               c_w.l(sys_wrch.o)
    0x08000722   0x08000722   0x00000002   PAD
    0x08000724   0x08000724   0x00000012   Code   RO           27    .text.BMI088_ACCEL_NS_H  bmi088.o
    0x08000736   0x08000736   0x00000002   PAD
    0x08000738   0x08000738   0x00000012   Code   RO           25    .text.BMI088_ACCEL_NS_L  bmi088.o
    0x0800074a   0x0800074a   0x00000002   PAD
    0x0800074c   0x0800074c   0x00000014   Code   RO           31    .text.BMI088_GYRO_NS_H  bmi088.o
    0x08000760   0x08000760   0x00000014   Code   RO           29    .text.BMI088_GYRO_NS_L  bmi088.o
    0x08000774   0x08000774   0x00000004   Code   RO          111    .text.BusFault_Handler  stm32f4xx_it.o
    0x08000778   0x08000778   0x00000002   Code   RO          117    .text.DebugMon_Handler  stm32f4xx_it.o
    0x0800077a   0x0800077a   0x00000002   PAD
    0x0800077c   0x0800077c   0x00000006   Code   RO           54    .text.Error_Handler  main.o
    0x08000782   0x08000782   0x00000002   PAD
    0x08000784   0x08000784   0x00000042   Code   RO          654    .text.HAL_Delay     stm32f4xx_hal.o
    0x080007c6   0x080007c6   0x00000002   PAD
    0x080007c8   0x080007c8   0x000003b6   Code   RO          421    .text.HAL_GPIO_Init  stm32f4xx_hal_gpio.o
    0x08000b7e   0x08000b7e   0x00000002   PAD
    0x08000b80   0x08000b80   0x0000002e   Code   RO          427    .text.HAL_GPIO_WritePin  stm32f4xx_hal_gpio.o
    0x08000bae   0x08000bae   0x00000002   PAD
    0x08000bb0   0x08000bb0   0x0000000c   Code   RO          646    .text.HAL_GetTick   stm32f4xx_hal.o
    0x08000bbc   0x08000bbc   0x0000001a   Code   RO          644    .text.HAL_IncTick   stm32f4xx_hal.o
    0x08000bd6   0x08000bd6   0x00000002   PAD
    0x08000bd8   0x08000bd8   0x00000036   Code   RO          634    .text.HAL_Init      stm32f4xx_hal.o
    0x08000c0e   0x08000c0e   0x00000002   PAD
    0x08000c10   0x08000c10   0x00000070   Code   RO          636    .text.HAL_InitTick  stm32f4xx_hal.o
    0x08000c80   0x08000c80   0x0000004a   Code   RO          132    .text.HAL_MspInit   stm32f4xx_hal_msp.o
    0x08000cca   0x08000cca   0x00000002   PAD
    0x08000ccc   0x08000ccc   0x00000014   Code   RO          569    .text.HAL_NVIC_EnableIRQ  stm32f4xx_hal_cortex.o
    0x08000ce0   0x08000ce0   0x00000032   Code   RO          561    .text.HAL_NVIC_SetPriority  stm32f4xx_hal_cortex.o
    0x08000d12   0x08000d12   0x00000002   PAD
    0x08000d14   0x08000d14   0x00000010   Code   RO          557    .text.HAL_NVIC_SetPriorityGrouping  stm32f4xx_hal_cortex.o
    0x08000d24   0x08000d24   0x00000262   Code   RO          289    .text.HAL_RCC_ClockConfig  stm32f4xx_hal_rcc.o
    0x08000f86   0x08000f86   0x00000002   PAD
    0x08000f88   0x08000f88   0x000000e6   Code   RO          291    .text.HAL_RCC_GetSysClockFreq  stm32f4xx_hal_rcc.o
    0x0800106e   0x0800106e   0x00000002   PAD
    0x08001070   0x08001070   0x000006be   Code   RO          287    .text.HAL_RCC_OscConfig  stm32f4xx_hal_rcc.o
    0x0800172e   0x0800172e   0x00000002   PAD
    0x08001730   0x08001730   0x0000000e   Code   RO          266    .text.HAL_SPI_GetState  stm32f4xx_hal_spi.o
    0x0800173e   0x0800173e   0x00000002   PAD
    0x08001740   0x08001740   0x00000100   Code   RO          168    .text.HAL_SPI_Init  stm32f4xx_hal_spi.o
    0x08001840   0x08001840   0x000000e4   Code   RO           79    .text.HAL_SPI_MspInit  spi.o
    0x08001924   0x08001924   0x0000024e   Code   RO          180    .text.HAL_SPI_Receive  stm32f4xx_hal_spi.o
    0x08001b72   0x08001b72   0x00000002   PAD
    0x08001b74   0x08001b74   0x000002a2   Code   RO          176    .text.HAL_SPI_Transmit  stm32f4xx_hal_spi.o
    0x08001e16   0x08001e16   0x00000002   PAD
    0x08001e18   0x08001e18   0x000003a2   Code   RO          182    .text.HAL_SPI_TransmitReceive  stm32f4xx_hal_spi.o
    0x080021ba   0x080021ba   0x00000002   PAD
    0x080021bc   0x080021bc   0x00000010   Code   RO          581    .text.HAL_SYSTICK_Config  stm32f4xx_hal_cortex.o
    0x080021cc   0x080021cc   0x00000008   Code   RO         1046    .text.HAL_TIMEx_BreakCallback  stm32f4xx_hal_tim_ex.o
    0x080021d4   0x080021d4   0x00000008   Code   RO         1042    .text.HAL_TIMEx_CommutCallback  stm32f4xx_hal_tim_ex.o
    0x080021dc   0x080021dc   0x00000122   Code   RO         1036    .text.HAL_TIMEx_MasterConfigSynchronization  stm32f4xx_hal_tim_ex.o
    0x080022fe   0x080022fe   0x00000002   PAD
    0x08002300   0x08002300   0x0000009c   Code   RO          723    .text.HAL_TIM_Base_Init  stm32f4xx_hal_tim.o
    0x0800239c   0x0800239c   0x00000052   Code   RO           93    .text.HAL_TIM_Base_MspInit  tim.o
    0x080023ee   0x080023ee   0x00000002   PAD
    0x080023f0   0x080023f0   0x000000f6   Code   RO          737    .text.HAL_TIM_Base_Start_IT  stm32f4xx_hal_tim.o
    0x080024e6   0x080024e6   0x00000002   PAD
    0x080024e8   0x080024e8   0x00000008   Code   RO          859    .text.HAL_TIM_IC_CaptureCallback  stm32f4xx_hal_tim.o
    0x080024f0   0x080024f0   0x0000021a   Code   RO          857    .text.HAL_TIM_IRQHandler  stm32f4xx_hal_tim.o
    0x0800270a   0x0800270a   0x00000002   PAD
    0x0800270c   0x0800270c   0x00000008   Code   RO          861    .text.HAL_TIM_OC_DelayElapsedCallback  stm32f4xx_hal_tim.o
    0x08002714   0x08002714   0x00000008   Code   RO          863    .text.HAL_TIM_PWM_PulseFinishedCallback  stm32f4xx_hal_tim.o
    0x0800271c   0x0800271c   0x00000030   Code   RO           11    .text.HAL_TIM_PeriodElapsedCallback  callback.o
    0x0800274c   0x0800274c   0x00000008   Code   RO          867    .text.HAL_TIM_TriggerCallback  stm32f4xx_hal_tim.o
    0x08002754   0x08002754   0x00000004   Code   RO          107    .text.HardFault_Handler  stm32f4xx_it.o
    0x08002758   0x08002758   0x000000ce   Code   RO           69    .text.MX_GPIO_Init  gpio.o
    0x08002826   0x08002826   0x00000002   PAD
    0x08002828   0x08002828   0x00000052   Code   RO           77    .text.MX_SPI1_Init  spi.o
    0x0800287a   0x0800287a   0x00000002   PAD
    0x0800287c   0x0800287c   0x0000005a   Code   RO           91    .text.MX_TIM6_Init  tim.o
    0x080028d6   0x080028d6   0x00000002   PAD
    0x080028d8   0x080028d8   0x00000004   Code   RO          109    .text.MemManage_Handler  stm32f4xx_it.o
    0x080028dc   0x080028dc   0x00000004   Code   RO          105    .text.NMI_Handler   stm32f4xx_it.o
    0x080028e0   0x080028e0   0x0000006c   Code   RO          567    .text.NVIC_EncodePriority  stm32f4xx_hal_cortex.o
    0x0800294c   0x0800294c   0x00000002   Code   RO          119    .text.PendSV_Handler  stm32f4xx_it.o
    0x0800294e   0x0800294e   0x00000002   PAD
    0x08002950   0x08002950   0x000000e4   Code   RO          184    .text.SPI_EndRxTransaction  stm32f4xx_hal_spi.o
    0x08002a34   0x08002a34   0x000000cc   Code   RO          178    .text.SPI_EndRxTxTransaction  stm32f4xx_hal_spi.o
    0x08002b00   0x08002b00   0x0000012c   Code   RO          276    .text.SPI_WaitFlagStateUntilTimeout  stm32f4xx_hal_spi.o
    0x08002c2c   0x08002c2c   0x00000002   Code   RO          115    .text.SVC_Handler   stm32f4xx_it.o
    0x08002c2e   0x08002c2e   0x00000002   PAD
    0x08002c30   0x08002c30   0x00000052   Code   RO          583    .text.SysTick_Config  stm32f4xx_hal_cortex.o
    0x08002c82   0x08002c82   0x00000002   PAD
    0x08002c84   0x08002c84   0x00000008   Code   RO          121    .text.SysTick_Handler  stm32f4xx_it.o
    0x08002c8c   0x08002c8c   0x000000bc   Code   RO           52    .text.SystemClock_Config  main.o
    0x08002d48   0x08002d48   0x00000012   Code   RO         1059    .text.SystemInit    system_stm32f4xx.o
    0x08002d5a   0x08002d5a   0x00000002   PAD
    0x08002d5c   0x08002d5c   0x00000010   Code   RO          123    .text.TIM6_DAC_IRQHandler  stm32f4xx_it.o
    0x08002d6c   0x08002d6c   0x000001a4   Code   RO          727    .text.TIM_Base_SetConfig  stm32f4xx_hal_tim.o
    0x08002f10   0x08002f10   0x00000004   Code   RO          113    .text.UsageFault_Handler  stm32f4xx_it.o
    0x08002f14   0x08002f14   0x00000008   Code   RO          150    .text._GLOBAL__sub_I_imu.cpp  imu.o
    0x08002f1c   0x08002f1c   0x0000002c   Code   RO          161    .text._Z3powB6v16000IiiENSt3__29enable_ifIXaasr3std13is_arithmeticIT_EE5valuesr3std13is_arithmeticIT0_EE5valueENS0_9__promoteIS2_S3_vEEE4type4typeES2_S3_  imu.o
    0x08002f48   0x08002f48   0x000000bc   Code   RO          146    .text._ZN3IMU14gyro_calculateEv  imu.o
    0x08003004   0x08003004   0x00000090   Code   RO          144    .text._ZN3IMU15accel_calculateEv  imu.o
    0x08003094   0x08003094   0x00000048   Code   RO          142    .text._ZN3IMU16gyro_int8_to_dpsEhhf  imu.o
    0x080030dc   0x080030dc   0x00000004   PAD
    0x080030e0   0x080030e0   0x000000b4   Code   RO          140    .text._ZN3IMU17accel_int8_to_mpsEhhi  imu.o
    0x08003194   0x08003194   0x0000000a   Code   RO          163    .text._ZN3IMUC2Ev   imu.o
    0x0800319e   0x0800319e   0x00000002   PAD
    0x080031a0   0x080031a0   0x0000000a   Code   RO          165    .text._ZN3IMUD2Ev   imu.o
    0x080031aa   0x080031aa   0x00000002   PAD
    0x080031ac   0x080031ac   0x00000030   Code   RO          571    .text.__NVIC_EnableIRQ  stm32f4xx_hal_cortex.o
    0x080031dc   0x080031dc   0x00000010   Code   RO          563    .text.__NVIC_GetPriorityGrouping  stm32f4xx_hal_cortex.o
    0x080031ec   0x080031ec   0x00000042   Code   RO          565    .text.__NVIC_SetPriority  stm32f4xx_hal_cortex.o
    0x0800322e   0x0800322e   0x00000002   PAD
    0x08003230   0x08003230   0x0000003c   Code   RO          559    .text.__NVIC_SetPriorityGrouping  stm32f4xx_hal_cortex.o
    0x0800326c   0x0800326c   0x0000002c   Code   RO          148    .text.__cxx_global_var_init  imu.o
    0x08003298   0x08003298   0x00000038   Code   RO           35    .text.bmi088_accel_read_reg  bmi088.o
    0x080032d0   0x080032d0   0x00000034   Code   RO           37    .text.bmi088_gyro_read_reg  bmi088.o
    0x08003304   0x08003304   0x00000054   Code   RO           41    .text.bmi088_init   bmi088.o
    0x08003358   0x08003358   0x0000003a   Code   RO           21    .text.bmi088_read_byte  bmi088.o
    0x08003392   0x08003392   0x00000002   PAD
    0x08003394   0x08003394   0x00000022   Code   RO           19    .text.bmi088_write_byte  bmi088.o
    0x080033b6   0x080033b6   0x00000002   PAD
    0x080033b8   0x080033b8   0x00000024   Code   RO           23    .text.bmi088_write_reg  bmi088.o
    0x080033dc   0x080033dc   0x00000030   Code   RO           50    .text.main          main.o
    0x0800340c   0x0800340c   0x00000030   Code   RO         1222    i.__ARM_fpclassify  m_wm.l(fpclassify.o)
    0x0800343c   0x0800343c   0x00000004   PAD
    0x08003440   0x08003440   0x00000c60   Code   RO         1106    i.__hardfp_pow      m_wm.l(pow.o)
    0x080040a0   0x080040a0   0x000000f8   Code   RO         1224    i.__kernel_poly     m_wm.l(poly.o)
    0x08004198   0x08004198   0x00000030   Code   RO         1202    i.__mathlib_dbl_divzero  m_wm.l(dunder.o)
    0x080041c8   0x080041c8   0x00000014   Code   RO         1204    i.__mathlib_dbl_infnan2  m_wm.l(dunder.o)
    0x080041dc   0x080041dc   0x00000004   PAD
    0x080041e0   0x080041e0   0x00000020   Code   RO         1205    i.__mathlib_dbl_invalid  m_wm.l(dunder.o)
    0x08004200   0x08004200   0x00000020   Code   RO         1206    i.__mathlib_dbl_overflow  m_wm.l(dunder.o)
    0x08004220   0x08004220   0x00000020   Code   RO         1208    i.__mathlib_dbl_underflow  m_wm.l(dunder.o)
    0x08004240   0x08004240   0x00000018   Code   RO         1218    i.fabs              m_wm.l(fabs.o)
    0x08004258   0x08004258   0x0000006e   Code   RO         1229    i.sqrt              m_wm.l(sqrt.o)
    0x080042c6   0x080042c6   0x00000018   Code   RO         1177    x$fpl$basic         fz_wm.l(basic.o)
    0x080042de   0x080042de   0x00000002   PAD
    0x080042e0   0x080042e0   0x00000062   Code   RO         1094    x$fpl$d2f           fz_wm.l(d2f.o)
    0x08004342   0x08004342   0x00000002   PAD
    0x08004344   0x08004344   0x00000150   Code   RO         1179    x$fpl$dadd          fz_wm.l(daddsub_clz.o)
    0x08004494   0x08004494   0x00000010   Code   RO         1321    x$fpl$dcheck1       fz_wm.l(dcheck1.o)
    0x080044a4   0x080044a4   0x00000018   Code   RO         1401    x$fpl$dcmpinf       fz_wm.l(dcmpi.o)
    0x080044bc   0x080044bc   0x000002b4   Code   RO         1186    x$fpl$ddiv          fz_wm.l(ddiv.o)
    0x08004770   0x08004770   0x0000002e   Code   RO         1097    x$fpl$dflt          fz_wm.l(dflt_clz.o)
    0x0800479e   0x0800479e   0x00000002   PAD
    0x080047a0   0x080047a0   0x00000078   Code   RO         1323    x$fpl$dleqf         fz_wm.l(dleqf.o)
    0x08004818   0x08004818   0x00000154   Code   RO         1102    x$fpl$dmul          fz_wm.l(dmul.o)
    0x0800496c   0x0800496c   0x0000009c   Code   RO         1189    x$fpl$dnaninf       fz_wm.l(dnaninf.o)
    0x08004a08   0x08004a08   0x0000000c   Code   RO         1191    x$fpl$dretinf       fz_wm.l(dretinf.o)
    0x08004a14   0x08004a14   0x0000006c   Code   RO         1193    x$fpl$drleqf        fz_wm.l(drleqf.o)
    0x08004a80   0x08004a80   0x00000016   Code   RO         1180    x$fpl$drsb          fz_wm.l(daddsub_clz.o)
    0x08004a96   0x08004a96   0x00000002   PAD
    0x08004a98   0x08004a98   0x00000198   Code   RO         1325    x$fpl$dsqrt         fz_wm.l(dsqrt_umaal.o)
    0x08004c30   0x08004c30   0x000001dc   Code   RO         1181    x$fpl$dsub          fz_wm.l(daddsub_clz.o)
    0x08004e0c   0x08004e0c   0x00000056   Code   RO         1104    x$fpl$f2d           fz_wm.l(f2d.o)
    0x08004e62   0x08004e62   0x0000008c   Code   RO         1195    x$fpl$fnaninf       fz_wm.l(fnaninf.o)
    0x08004eee   0x08004eee   0x0000001a   Code   RO         1327    x$fpl$fpinit        fz_wm.l(fpinit.o)
    0x08004f08   0x08004f08   0x0000000a   Code   RO         1197    x$fpl$fretinf       fz_wm.l(fretinf.o)
    0x08004f12   0x08004f12   0x00000064   Code   RO         1403    x$fpl$retnan        fz_wm.l(retnan.o)
    0x08004f76   0x08004f76   0x0000005c   Code   RO         1199    x$fpl$scalbn        fz_wm.l(scalbn.o)
    0x08004fd2   0x08004fd2   0x00000030   Code   RO         1432    x$fpl$trapveneer    fz_wm.l(trapv.o)
    0x08005002   0x08005002   0x00000000   Code   RO         1201    x$fpl$usenofp       fz_wm.l(usenofp.o)
    0x08005002   0x08005002   0x00000006   PAD
    0x08005008   0x08005008   0x00000088   Data   RO         1109    .constdata          m_wm.l(pow.o)
    0x08005090   0x08005090   0x00000008   Data   RO         1226    .constdata          m_wm.l(qnan.o)
    0x08005098   0x08005098   0x00000010   Data   RO         1064    .rodata.AHBPrescTable  system_stm32f4xx.o
    0x080050a8   0x080050a8   0x00000020   Data   RO         1484    Region$$Table       anon$$obj.o
    0x080050c8   0x080050c8   0x00000004   Data   RO          154    .init_array         imu.o
    0x080050cc   0x080050c8   0x00000000   Data   RO         1089    .init_array         c_w.l(init_aeabi.o)


    Execution Region RW_IRAM1 (Exec base: 0x20000000, Load base: 0x080050d0, Size: 0x00000750, Max: 0x0001c000, ABSOLUTE)

    Exec Addr    Load Addr    Size         Type   Attr      Idx    E Section Name        Object

    0x20000000   0x080050d0   0x00000004   Data   RW         1063    .data.SystemCoreClock  system_stm32f4xx.o
    0x20000004   0x080050d4   0x00000001   Data   RW          689    .data.uwTickFreq    stm32f4xx_hal.o
    0x20000005   0x080050d5   0x00000003   PAD
    0x20000008   0x080050d8   0x00000004   Data   RW          688    .data.uwTickPrio    stm32f4xx_hal.o
    0x2000000c   0x080050dc   0x00000004   PAD
    0x20000010        -       0x00000060   Zero   RW         1330    .bss                c_w.l(libspace.o)
    0x20000070        -       0x00000058   Zero   RW           83    .bss.hspi1          spi.o
    0x200000c8        -       0x00000048   Zero   RW           97    .bss.htim6          tim.o
    0x20000110        -       0x00000034   Zero   RW          153    .bss.imu            imu.o
    0x20000144        -       0x00000002   Zero   RW          152    .bss.raw_data       imu.o
    0x20000146   0x080050dc   0x00000002   PAD
    0x20000148        -       0x00000004   Zero   RW          690    .bss.uwTick         stm32f4xx_hal.o
    0x2000014c   0x080050dc   0x00000004   PAD
    0x20000150        -       0x00000200   Zero   RW            2    HEAP                startup_stm32f407xx.o
    0x20000350        -       0x00000400   Zero   RW            1    STACK               startup_stm32f407xx.o


    Execution Region RW_IRAM2 (Exec base: 0x2001c000, Load base: 0x080050e0, Size: 0x00000000, Max: 0x00004000, ABSOLUTE)

    **** No section assigned to this execution region ****


==============================================================================

Image component sizes


      Code (inc. data)   RO Data    RW Data    ZI Data      Debug   Object Name

       396          0          0          0          0       3569   bmi088.o
        48          0          0          0          0       1766   callback.o
       206          0          0          0          0       2084   gpio.o
       700         34          4          0         54      15640   imu.o
       242          0          0          0          0       2939   main.o
       310          0          0          0         88       4903   spi.o
        64         26        392          0       1536        824   startup_stm32f407xx.o
       270          0          0          5          4       7082   stm32f4xx_hal.o
       482          0          0          0          0       9656   stm32f4xx_hal_cortex.o
       996          0          0          0          0       5058   stm32f4xx_hal_gpio.o
        74          0          0          0          0       1448   stm32f4xx_hal_msp.o
      2566          0          0          0          0       7561   stm32f4xx_hal_rcc.o
      3196          0          0          0          0      19335   stm32f4xx_hal_spi.o
      1392          0          0          0          0      35804   stm32f4xx_hal_tim.o
       306          0          0          0          0      15230   stm32f4xx_hal_tim_ex.o
        50          0          0          0          0       1089   stm32f4xx_it.o
        18          0         16          4          0       2478   system_stm32f4xx.o
       172          0          0          0         72       6745   tim.o

    ----------------------------------------------------------------------
     11560         64        444         12       1764     143211   Object Totals
         0          0         32          0          0          0   (incl. Generated)
        72          4          0          3         10          0   (incl. Padding)

    ----------------------------------------------------------------------

      Code (inc. data)   RO Data    RW Data    ZI Data      Debug   Library Member Name

         8          0          0          0          0         68   __main.o
         0          0          0          0          0          0   __rtentry.o
        12          0          0          0          0          0   __rtentry2.o
         6          0          0          0          0          0   __rtentry4.o
        52          8          0          0          0          0   __scatter.o
        26          0          0          0          0          0   __scatter_copy.o
        28          0          0          0          0          0   __scatter_zi.o
        22          0          0          0          0        100   _rserrno.o
        46          0          0          0          0         84   aeabi_atexit.o
        10          0          0          0          0         68   cxa_atexit.o
        66          0          0          0          0         84   cxa_finalize.o
        10          0          0          0          0         68   defsig_exit.o
        50          0          0          0          0         88   defsig_general.o
        80         58          0          0          0         76   defsig_rtmem_inner.o
        14          0          0          0          0         80   defsig_rtmem_outer.o
        18          0          0          0          0         80   exit.o
        94          0          0          0          0         80   h1_alloc.o
        52          0          0          0          0         68   h1_extend.o
        78          0          0          0          0         80   h1_free.o
        14          0          0          0          0         84   h1_init.o
         6          0          0          0          0        152   heapauxi.o
         4          0          0          0          0        136   hguard.o
         0          0          0          0          0          0   indicate_semi.o
        36          8          0          0          0         80   init_aeabi.o
       138          0          0          0          0        168   init_alloc.o
         2          0          0          0          0          0   libinit.o
        18          0          0          0          0          0   libinit2.o
         2          0          0          0          0          0   libshutdown.o
         8          0          0          0          0          0   libshutdown2.o
         8          4          0          0         96         68   libspace.o
       240          0          0          0          0        100   lludivv7m.o
         0          0          0          0          0          0   maybetermalloc1.o
         8          4          0          0          0         68   rt_ddtor_pointer_addr_intlibspace.o
         8          4          0          0          0         68   rt_errno_addr_intlibspace.o
         8          4          0          0          0         68   rt_heap_descriptor_intlibspace.o
        78          0          0          0          0         80   rt_memclr_w.o
         2          0          0          0          0          0   rtexit.o
        10          0          0          0          0          0   rtexit2.o
        12          4          0          0          0         68   sys_exit.o
        74          0          0          0          0         80   sys_stackheap_outer.o
        14          0          0          0          0         76   sys_wrch.o
         2          0          0          0          0         68   use_no_semi.o
        24          0          0          0          0        164   basic.o
        98          4          0          0          0        140   d2f.o
       834         16          0          0          0        516   daddsub_clz.o
        16          4          0          0          0        116   dcheck1.o
        24          0          0          0          0        116   dcmpi.o
       692        140          0          0          0        264   ddiv.o
        46          0          0          0          0        116   dflt_clz.o
       120          4          0          0          0        140   dleqf.o
       340         12          0          0          0        152   dmul.o
       156          4          0          0          0        140   dnaninf.o
        12          0          0          0          0        116   dretinf.o
       108          0          0          0          0        128   drleqf.o
       408         56          0          0          0        168   dsqrt_umaal.o
        86          4          0          0          0        132   f2d.o
       140          4          0          0          0        132   fnaninf.o
        26          0          0          0          0        116   fpinit.o
        10          0          0          0          0        116   fretinf.o
       100          0          0          0          0        116   retnan.o
        92          0          0          0          0        116   scalbn.o
        48          0          0          0          0        116   trapv.o
         0          0          0          0          0          0   usenofp.o
       164         44          0          0          0        620   dunder.o
        24          0          0          0          0        124   fabs.o
        48          0          0          0          0        124   fpclassify.o
       248          0          0          0          0        152   poly.o
      3168        296        136          0          0        352   pow.o
         0          0          8          0          0          0   qnan.o
       110          0          0          0          0        148   sqrt.o

    ----------------------------------------------------------------------
      8536        682        144          0         96       7028   Library Totals
        30          0          0          0          0          0   (incl. Padding)

    ----------------------------------------------------------------------

      Code (inc. data)   RO Data    RW Data    ZI Data      Debug   Library Name

      1364         94          0          0         96       2388   c_w.l
      3380        248          0          0          0       3120   fz_wm.l
      3762        340        144          0          0       1520   m_wm.l

    ----------------------------------------------------------------------
      8536        682        144          0         96       7028   Library Totals

    ----------------------------------------------------------------------

==============================================================================


      Code (inc. data)   RO Data    RW Data    ZI Data      Debug   

     20096        746        588         12       1860     145619   Grand Totals
     20096        746        588         12       1860     145619   ELF Image Totals
     20096        746        588         12          0          0   ROM Totals

==============================================================================

    Total RO  Size (Code + RO Data)                20684 (  20.20kB)
    Total RW  Size (RW Data + ZI Data)              1872 (   1.83kB)
    Total ROM Size (Code + RO Data + RW Data)      20696 (  20.21kB)

==============================================================================

